Archive member included to satisfy reference by file (symbol)

/opt/arm-gcc/arm-gnu-toolchain-13.3.rel1-x86_64-arm-none-eabi/bin/../lib/gcc/arm-none-eabi/13.3.1/thumb/v6-m/nofp/libgcc.a(_dvmd_tls.o)
                              CMakeFiles/main.dir/home/kasper/.pico-sdk/src/rp2_common/pico_divider/divider_hardware.S.o (__aeabi_idiv0)
/opt/arm-gcc/arm-gnu-toolchain-13.3.rel1-x86_64-arm-none-eabi/bin/../lib/gcc/arm-none-eabi/13.3.1/../../../../arm-none-eabi/lib/thumb/v6-m/nofp/libg.a(libc_a-strlen-stub.o)
                              CMakeFiles/main.dir/home/kasper/.pico-sdk/src/rp2_common/pico_stdio/stdio.c.o (strlen)
/opt/arm-gcc/arm-gnu-toolchain-13.3.rel1-x86_64-arm-none-eabi/bin/../lib/gcc/arm-none-eabi/13.3.1/../../../../arm-none-eabi/lib/thumb/v6-m/nofp/libg.a(libc_a-malloc.o)
                              CMakeFiles/main.dir/home/kasper/.pico-sdk/src/rp2_common/pico_malloc/malloc.c.o (malloc)
/opt/arm-gcc/arm-gnu-toolchain-13.3.rel1-x86_64-arm-none-eabi/bin/../lib/gcc/arm-none-eabi/13.3.1/../../../../arm-none-eabi/lib/thumb/v6-m/nofp/libg.a(libc_a-mallocr.o)
                              /opt/arm-gcc/arm-gnu-toolchain-13.3.rel1-x86_64-arm-none-eabi/bin/../lib/gcc/arm-none-eabi/13.3.1/../../../../arm-none-eabi/lib/thumb/v6-m/nofp/libg.a(libc_a-malloc.o) (_malloc_r)
/opt/arm-gcc/arm-gnu-toolchain-13.3.rel1-x86_64-arm-none-eabi/bin/../lib/gcc/arm-none-eabi/13.3.1/../../../../arm-none-eabi/lib/thumb/v6-m/nofp/libg.a(libc_a-lcltime_r.o)
                              CMakeFiles/main.dir/home/kasper/.pico-sdk/src/common/pico_util/datetime.c.o (localtime_r)
/opt/arm-gcc/arm-gnu-toolchain-13.3.rel1-x86_64-arm-none-eabi/bin/../lib/gcc/arm-none-eabi/13.3.1/../../../../arm-none-eabi/lib/thumb/v6-m/nofp/libg.a(libc_a-sbrkr.o)
                              /opt/arm-gcc/arm-gnu-toolchain-13.3.rel1-x86_64-arm-none-eabi/bin/../lib/gcc/arm-none-eabi/13.3.1/../../../../arm-none-eabi/lib/thumb/v6-m/nofp/libg.a(libc_a-mallocr.o) (_sbrk_r)
/opt/arm-gcc/arm-gnu-toolchain-13.3.rel1-x86_64-arm-none-eabi/bin/../lib/gcc/arm-none-eabi/13.3.1/../../../../arm-none-eabi/lib/thumb/v6-m/nofp/libg.a(libc_a-mktime.o)
                              CMakeFiles/main.dir/home/kasper/.pico-sdk/src/common/pico_util/datetime.c.o (mktime)
/opt/arm-gcc/arm-gnu-toolchain-13.3.rel1-x86_64-arm-none-eabi/bin/../lib/gcc/arm-none-eabi/13.3.1/../../../../arm-none-eabi/lib/thumb/v6-m/nofp/libg.a(libc_a-month_lengths.o)
                              /opt/arm-gcc/arm-gnu-toolchain-13.3.rel1-x86_64-arm-none-eabi/bin/../lib/gcc/arm-none-eabi/13.3.1/../../../../arm-none-eabi/lib/thumb/v6-m/nofp/libg.a(libc_a-lcltime_r.o) (__month_lengths)
/opt/arm-gcc/arm-gnu-toolchain-13.3.rel1-x86_64-arm-none-eabi/bin/../lib/gcc/arm-none-eabi/13.3.1/../../../../arm-none-eabi/lib/thumb/v6-m/nofp/libg.a(libc_a-tzcalc_limits.o)
                              /opt/arm-gcc/arm-gnu-toolchain-13.3.rel1-x86_64-arm-none-eabi/bin/../lib/gcc/arm-none-eabi/13.3.1/../../../../arm-none-eabi/lib/thumb/v6-m/nofp/libg.a(libc_a-lcltime_r.o) (__tzcalc_limits)
/opt/arm-gcc/arm-gnu-toolchain-13.3.rel1-x86_64-arm-none-eabi/bin/../lib/gcc/arm-none-eabi/13.3.1/../../../../arm-none-eabi/lib/thumb/v6-m/nofp/libg.a(libc_a-tzlock.o)
                              /opt/arm-gcc/arm-gnu-toolchain-13.3.rel1-x86_64-arm-none-eabi/bin/../lib/gcc/arm-none-eabi/13.3.1/../../../../arm-none-eabi/lib/thumb/v6-m/nofp/libg.a(libc_a-lcltime_r.o) (__tz_lock)
/opt/arm-gcc/arm-gnu-toolchain-13.3.rel1-x86_64-arm-none-eabi/bin/../lib/gcc/arm-none-eabi/13.3.1/../../../../arm-none-eabi/lib/thumb/v6-m/nofp/libg.a(libc_a-tzset.o)
                              /opt/arm-gcc/arm-gnu-toolchain-13.3.rel1-x86_64-arm-none-eabi/bin/../lib/gcc/arm-none-eabi/13.3.1/../../../../arm-none-eabi/lib/thumb/v6-m/nofp/libg.a(libc_a-lcltime_r.o) (_tzset_unlocked)
/opt/arm-gcc/arm-gnu-toolchain-13.3.rel1-x86_64-arm-none-eabi/bin/../lib/gcc/arm-none-eabi/13.3.1/../../../../arm-none-eabi/lib/thumb/v6-m/nofp/libg.a(libc_a-mlock.o)
                              /opt/arm-gcc/arm-gnu-toolchain-13.3.rel1-x86_64-arm-none-eabi/bin/../lib/gcc/arm-none-eabi/13.3.1/../../../../arm-none-eabi/lib/thumb/v6-m/nofp/libg.a(libc_a-mallocr.o) (__malloc_lock)
/opt/arm-gcc/arm-gnu-toolchain-13.3.rel1-x86_64-arm-none-eabi/bin/../lib/gcc/arm-none-eabi/13.3.1/../../../../arm-none-eabi/lib/thumb/v6-m/nofp/libg.a(libc_a-calloc.o)
                              CMakeFiles/main.dir/home/kasper/.pico-sdk/src/rp2_common/pico_malloc/malloc.c.o (calloc)
/opt/arm-gcc/arm-gnu-toolchain-13.3.rel1-x86_64-arm-none-eabi/bin/../lib/gcc/arm-none-eabi/13.3.1/../../../../arm-none-eabi/lib/thumb/v6-m/nofp/libg.a(libc_a-memcmp.o)
                              CMakeFiles/main.dir/home/kasper/.pico-sdk/src/rp2_common/pico_atomic/atomic.c.o (memcmp)
/opt/arm-gcc/arm-gnu-toolchain-13.3.rel1-x86_64-arm-none-eabi/bin/../lib/gcc/arm-none-eabi/13.3.1/../../../../arm-none-eabi/lib/thumb/v6-m/nofp/libg.a(libc_a-callocr.o)
[...]
Memory Configuration

Name             Origin             Length             Attributes
FLASH            0x10000000         0x00200000         xr
RAM              0x20000000         0x00040000         xrw
SCRATCH_X        0x20040000         0x00001000         xrw
SCRATCH_Y        0x20041000         0x00001000         xrw
*default*        0x00000000         0xffffffff

Linker script and memory map

LOAD /opt/arm-gcc/arm-gnu-toolchain-13.3.rel1-x86_64-arm-none-eabi/bin/../lib/gcc/arm-none-eabi/13.3.1/thumb/v6-m/nofp/crti.o
LOAD /opt/arm-gcc/arm-gnu-toolchain-13.3.rel1-x86_64-arm-none-eabi/bin/../lib/gcc/arm-none-eabi/13.3.1/thumb/v6-m/nofp/crtbegin.o
LOAD /opt/arm-gcc/arm-gnu-toolchain-13.3.rel1-x86_64-arm-none-eabi/bin/../lib/gcc/arm-none-eabi/13.3.1/../../../../arm-none-eabi/lib/thumb/v6-m/nofp/crt0.o

.flash_begin    0x10000000        0x0
                0x10000000                        __flash_binary_start = .

.boot2          0x10000000      0x100
                0x10000000                        __boot2_start__ = .
 *(.boot2)
 .boot2         0x10000000      0x100 pico-sdk/src/rp2040/boot_stage2/CMakeFiles/bs2_default_library.dir/bs2_default_padded_checksummed.S.o
                0x10000100                        __boot2_end__ = .
                0x00000001                        ASSERT (((__boot2_end__ - __boot2_start__) == 0x100), ERROR: Pico second stage bootloader must be 256 bytes in size)

.text           0x10000100     0x44e4
                0x10000100                        __logical_binary_start = .
 *(.vectors)
 .vectors       0x10000100       0xd4 CMakeFiles/main.dir/home/kasper/.pico-sdk/src/rp2_common/pico_crt0/crt0.S.o
                0x10000100                __vectors
                0x10000100                __VECTOR_TABLE
                0x100001c0                isr_irq30
                0x100001c0                __unhandled_user_irq
                0x100001c0                isr_irq13
                0x100001c0                isr_irq27
                0x100001c0                isr_irq31
                0x100001c0                isr_irq5
                0x100001c0                isr_irq11
                0x100001c0                isr_irq23
                0x100001c0                isr_irq18
                0x100001c0                isr_irq28
                0x100001c0                isr_irq19
                0x100001c0                isr_irq0
                0x100001c0                isr_irq6
                0x100001c0                isr_irq22
                0x100001c0                isr_irq17
                0x100001c0                isr_irq14
                0x100001c0                __vectors_end
                0x100001c0                __default_isrs_start
                0x100001c0                isr_irq2
                0x100001c0                isr_irq10
                0x100001c0                isr_irq8
                0x100001c0                isr_irq24
                0x100001c0                isr_irq1
                0x100001c0                isr_irq7
                0x100001c0                isr_irq21
                0x100001c0                isr_irq20
                0x100001c0                isr_irq15
                0x100001c0                isr_irq25
                0x100001c0                isr_irq4
                0x100001c0                isr_irq16
                0x100001c0                isr_irq29
                0x100001c0                isr_irq26
                0x100001c0                isr_irq3
                0x100001c0                isr_irq12
                0x100001c0                isr_irq9
                0x100001c6                unhandled_user_irq_num_in_r0
                0x100001c8                isr_invalid
                0x100001ca                isr_nmi
                0x100001cc                isr_hardfault
                0x100001ce                isr_svcall
                0x100001d0                isr_pendsv
                0x100001d2                isr_systick
                0x100001d4                __default_isrs_end
 *(.binary_info_header)
 .binary_info_header
                0x100001d4       0x14 CMakeFiles/main.dir/home/kasper/.pico-sdk/src/rp2_common/pico_crt0/crt0.S.o
                0x100001e8                        __binary_info_header_end = .
 *(.embedded_block)
                0x100001e8                        __embedded_block_end = .
 *(.reset)
 .reset         0x100001e8       0x9c CMakeFiles/main.dir/home/kasper/.pico-sdk/src/rp2_common/pico_crt0/crt0.S.o
                0x100001e8                _entry_point
 *(.init)
 .init          0x10000284        0x4 /opt/arm-gcc/arm-gnu-toolchain-13.3.rel1-x86_64-arm-none-eabi/bin/../lib/gcc/arm-none-eabi/13.3.1/thumb/v6-m/nofp/crti.o
                0x10000284                _init
 *(EXCLUDE_FILE(*libm.a: *libc.a:*lib_a-mem*.o *libgcc.a:) .text*)
 .text.register_tm_clones
                0x10000288       0x28 /opt/arm-gcc/arm-gnu-toolchain-13.3.rel1-x86_64-arm-none-eabi/bin/../lib/gcc/arm-none-eabi/13.3.1/thumb/v6-m/nofp/crtbegin.o
 .text.frame_dummy
                0x100002b0       0x24 /opt/arm-gcc/arm-gnu-toolchain-13.3.rel1-x86_64-arm-none-eabi/bin/../lib/gcc/arm-none-eabi/13.3.1/thumb/v6-m/nofp/crtbegin.o
 .text.startup.main
                0x100002d4       0x1c CMakeFiles/main.dir/main.c.o
                0x100002d4                main
 .text.rp2040_chip_version
                0x100002f0        0xc CMakeFiles/main.dir/home/kasper/.pico-sdk/src/rp2040/pico_platform/platform.c.o
                0x100002f0                rp2040_chip_version
 .text.panic    0x100002fc       0x30 CMakeFiles/main.dir/home/kasper/.pico-sdk/src/rp2_common/pico_platform_panic/panic.c.o
                0x100002fc                panic
 .text.hw_claim_or_assert
                0x1000032c       0x44 CMakeFiles/main.dir/home/kasper/.pico-sdk/src/common/hardware_claim/claim.c.o
                0x1000032c                hw_claim_or_assert
 .text.hw_claim_unused_from_range
                0x10000370       0x9c CMakeFiles/main.dir/home/kasper/.pico-sdk/src/common/hardware_claim/claim.c.o
                0x10000370                hw_claim_unused_from_range
 .text.next_striped_spin_lock_num
                0x1000040c       0x18 CMakeFiles/main.dir/home/kasper/.pico-sdk/src/rp2_common/hardware_sync/sync.c.o
                0x1000040c                next_striped_spin_lock_num
 .text.spin_lock_claim_unused
                0x10000424       0x24 CMakeFiles/main.dir/home/kasper/.pico-sdk/src/rp2_common/hardware_sync/sync.c.o
                0x10000424                spin_lock_claim_unused
 .text.spin_locks_reset
                0x10000448       0x1c CMakeFiles/main.dir/home/kasper/.pico-sdk/src/rp2_common/hardware_sync_spin_lock/sync_spin_lock.c.o
                0x10000448                spin_locks_reset
 .text.runtime_init_per_core_irq_priorities
                0x10000464       0x24 CMakeFiles/main.dir/home/kasper/.pico-sdk/src/rp2_common/hardware_irq/irq.c.o
                0x10000464                runtime_init_per_core_irq_priorities
 .text.irq_set_enabled
                0x10000488       0x24 CMakeFiles/main.dir/home/kasper/.pico-sdk/src/rp2_common/hardware_irq/irq.c.o
                0x10000488                irq_set_enabled
 .text.irq_is_enabled
                0x100004ac       0x18 CMakeFiles/main.dir/home/kasper/.pico-sdk/src/rp2_common/hardware_irq/irq.c.o
                0x100004ac                irq_is_enabled
 .text.irq_set_pending
                0x100004c4       0x10 CMakeFiles/main.dir/home/kasper/.pico-sdk/src/rp2_common/hardware_irq/irq.c.o
                0x100004c4                irq_set_pending
 .text.irq_has_shared_handler
                0x100004d4       0x24 CMakeFiles/main.dir/home/kasper/.pico-sdk/src/rp2_common/hardware_irq/irq.c.o
                0x100004d4                irq_has_shared_handler
 .text.irq_set_exclusive_handler
                0x100004f8       0x54 CMakeFiles/main.dir/home/kasper/.pico-sdk/src/rp2_common/hardware_irq/irq.c.o
                0x100004f8                irq_set_exclusive_handler
 .text.irq_add_shared_handler
                0x1000054c      0x1f4 CMakeFiles/main.dir/home/kasper/.pico-sdk/src/rp2_common/hardware_irq/irq.c.o
                0x1000054c                irq_add_shared_handler
 .text.irq_add_tail_to_free_list
                0x10000740       0xb4 CMakeFiles/main.dir/home/kasper/.pico-sdk/src/rp2_common/hardware_irq/irq.c.o
                0x10000740                irq_add_tail_to_free_list
 .text.user_irq_claim_unused
                0x100007f4       0x2c CMakeFiles/main.dir/home/kasper/.pico-sdk/src/rp2_common/hardware_irq/irq.c.o
                0x100007f4                user_irq_claim_unused
 .text.lock_init
                0x10000820       0x10 CMakeFiles/main.dir/home/kasper/.pico-sdk/src/common/pico_sync/lock_core.c.o
                0x10000820                lock_init
 .text.runtime_init_mutex
                0x10000830       0x50 CMakeFiles/main.dir/home/kasper/.pico-sdk/src/common/pico_sync/mutex.c.o
                0x10000830                runtime_init_mutex
 .text.mutex_init
                0x10000880       0x1c CMakeFiles/main.dir/home/kasper/.pico-sdk/src/common/pico_sync/mutex.c.o
                0x10000880                mutex_init
 .text.critical_section_init
                0x1000089c       0x1c CMakeFiles/main.dir/home/kasper/.pico-sdk/src/common/pico_sync/critical_section.c.o
                0x1000089c                critical_section_init
 .text.critical_section_init_with_lock_num
                0x100008b8       0x14 CMakeFiles/main.dir/home/kasper/.pico-sdk/src/common/pico_sync/critical_section.c.o
                0x100008b8                critical_section_init_with_lock_num
 .text.sleep_until_callback
                0x100008cc       0x30 CMakeFiles/main.dir/home/kasper/.pico-sdk/src/common/pico_time/time.c.o
 .text.alarm_pool_irq_handler
                0x100008fc      0x2fc CMakeFiles/main.dir/home/kasper/.pico-sdk/src/common/pico_time/time.c.o
 .text.runtime_init_default_alarm_pool
                0x10000bf8       0xdc CMakeFiles/main.dir/home/kasper/.pico-sdk/src/common/pico_time/time.c.o
                0x10000bf8                runtime_init_default_alarm_pool
 .text.alarm_pool_get_default
                0x10000cd4        0x8 CMakeFiles/main.dir/home/kasper/.pico-sdk/src/common/pico_time/time.c.o
                0x10000cd4                alarm_pool_get_default
 .text.alarm_pool_add_alarm_at
                0x10000cdc       0xd4 CMakeFiles/main.dir/home/kasper/.pico-sdk/src/common/pico_time/time.c.o
                0x10000cdc                alarm_pool_add_alarm_at
 .text.alarm_pool_add_alarm_at_force_in_context
                0x10000db0       0xb0 CMakeFiles/main.dir/home/kasper/.pico-sdk/src/common/pico_time/time.c.o
                0x10000db0                alarm_pool_add_alarm_at_force_in_context
 .text.alarm_pool_cancel_alarm
                0x10000e60       0x74 CMakeFiles/main.dir/home/kasper/.pico-sdk/src/common/pico_time/time.c.o
                0x10000e60                alarm_pool_cancel_alarm
 .text.alarm_pool_core_num
                0x10000ed4        0x4 CMakeFiles/main.dir/home/kasper/.pico-sdk/src/common/pico_time/time.c.o
                0x10000ed4                alarm_pool_core_num
 .text.sleep_until
                0x10000ed8       0xd8 CMakeFiles/main.dir/home/kasper/.pico-sdk/src/common/pico_time/time.c.o
                0x10000ed8                sleep_until
 .text.sleep_ms
                0x10000fb0       0x38 CMakeFiles/main.dir/home/kasper/.pico-sdk/src/common/pico_time/time.c.o
                0x10000fb0                sleep_ms
 .text.best_effort_wfe_or_timeout
                0x10000fe8       0xf8 CMakeFiles/main.dir/home/kasper/.pico-sdk/src/common/pico_time/time.c.o
                0x10000fe8                best_effort_wfe_or_timeout
 .text.timer_hardware_alarm_claim
                0x100010e0       0x14 CMakeFiles/main.dir/home/kasper/.pico-sdk/src/rp2_common/hardware_timer/timer.c.o
                0x100010e0                timer_hardware_alarm_claim
 .text.timer_time_us_64
                0x100010f4       0x10 CMakeFiles/main.dir/home/kasper/.pico-sdk/src/rp2_common/hardware_timer/timer.c.o
                0x100010f4                timer_time_us_64
 .text.time_us_64
                0x10001104       0x14 CMakeFiles/main.dir/home/kasper/.pico-sdk/src/rp2_common/hardware_timer/timer.c.o
                0x10001104                time_us_64
 .text.busy_wait_until
                0x10001118       0x20 CMakeFiles/main.dir/home/kasper/.pico-sdk/src/rp2_common/hardware_timer/timer.c.o
                0x10001118                busy_wait_until
 .text.clock_configure_int_divider
                0x10001138       0xf4 CMakeFiles/main.dir/home/kasper/.pico-sdk/src/rp2_common/hardware_clocks/clocks.c.o
                0x10001138                clock_configure_int_divider
 .text.clock_configure_undivided
                0x1000122c       0xe8 CMakeFiles/main.dir/home/kasper/.pico-sdk/src/rp2_common/hardware_clocks/clocks.c.o
                0x1000122c                clock_configure_undivided
 .text.clock_get_hz
                0x10001314        0xc CMakeFiles/main.dir/home/kasper/.pico-sdk/src/rp2_common/hardware_clocks/clocks.c.o
                0x10001314                clock_get_hz
 .text.pll_init
                0x10001320       0xa4 CMakeFiles/main.dir/home/kasper/.pico-sdk/src/rp2_common/hardware_pll/pll.c.o
                0x10001320                pll_init
 .text.watchdog_reboot
                0x100013c4       0x9c CMakeFiles/main.dir/home/kasper/.pico-sdk/src/rp2_common/hardware_watchdog/watchdog.c.o
                0x100013c4                watchdog_reboot
 .text.tick_start
                0x10001460       0x10 CMakeFiles/main.dir/home/kasper/.pico-sdk/src/rp2_common/hardware_ticks/ticks.c.o
                0x10001460                tick_start
 .text.rom_func_lookup
                0x10001470       0x10 CMakeFiles/main.dir/home/kasper/.pico-sdk/src/rp2_common/pico_bootrom/bootrom.c.o
                0x10001470                rom_func_lookup
 .text.rom_data_lookup
                0x10001480       0x10 CMakeFiles/main.dir/home/kasper/.pico-sdk/src/rp2_common/pico_bootrom/bootrom.c.o
                0x10001480                rom_data_lookup
 .text.rom_funcs_lookup
                0x10001490       0x44 CMakeFiles/main.dir/home/kasper/.pico-sdk/src/rp2_common/pico_bootrom/bootrom.c.o
                0x10001490                rom_funcs_lookup
 .text.rom_reset_usb_boot_extra
                0x100014d4       0x28 CMakeFiles/main.dir/home/kasper/.pico-sdk/src/rp2_common/pico_bootrom/bootrom.c.o
                0x100014d4                rom_reset_usb_boot_extra
 .text.xosc_init
                0x100014fc       0x28 CMakeFiles/main.dir/home/kasper/.pico-sdk/src/rp2_common/hardware_xosc/xosc.c.o
                0x100014fc                xosc_init
 .text.first_per_core_initializer
                0x10001524        0x4 CMakeFiles/main.dir/home/kasper/.pico-sdk/src/rp2_common/pico_runtime/runtime.c.o
 .text.hard_assertion_failure
                0x10001528        0xc CMakeFiles/main.dir/home/kasper/.pico-sdk/src/rp2_common/pico_runtime/runtime.c.o
                0x10001528                hard_assertion_failure
 .text.runtime_run_initializers
                0x10001534       0x28 CMakeFiles/main.dir/home/kasper/.pico-sdk/src/rp2_common/pico_runtime/runtime.c.o
                0x10001534                runtime_run_initializers
 .text.runtime_init_early_resets
                0x1000155c       0x2c CMakeFiles/main.dir/home/kasper/.pico-sdk/src/rp2_common/pico_runtime_init/runtime_init.c.o
                0x1000155c                runtime_init_early_resets
 .text.runtime_init_usb_power_down
                0x10001588       0x1c CMakeFiles/main.dir/home/kasper/.pico-sdk/src/rp2_common/pico_runtime_init/runtime_init.c.o
                0x10001588                runtime_init_usb_power_down
 .text.runtime_init_post_clock_resets
                0x100015a4       0x20 CMakeFiles/main.dir/home/kasper/.pico-sdk/src/rp2_common/pico_runtime_init/runtime_init.c.o
                0x100015a4                runtime_init_post_clock_resets
 .text.runtime_init_rp2040_gpio_ie_disable
                0x100015c4       0x14 CMakeFiles/main.dir/home/kasper/.pico-sdk/src/rp2_common/pico_runtime_init/runtime_init.c.o
                0x100015c4                runtime_init_rp2040_gpio_ie_disable
 .text.runtime_init_spin_locks_reset
                0x100015d8        0x8 CMakeFiles/main.dir/home/kasper/.pico-sdk/src/rp2_common/pico_runtime_init/runtime_init.c.o
                0x100015d8                runtime_init_spin_locks_reset
 .text.runtime_init_install_ram_vector_table
                0x100015e0       0xb4 CMakeFiles/main.dir/home/kasper/.pico-sdk/src/rp2_common/pico_runtime_init/runtime_init.c.o
                0x100015e0                runtime_init_install_ram_vector_table
 .text.runtime_init_clocks
                0x10001694       0xd8 CMakeFiles/main.dir/home/kasper/.pico-sdk/src/rp2_common/pico_runtime_init/runtime_init_clocks.c.o
                0x10001694                runtime_init_clocks
 .text          0x1000176c       0x10 CMakeFiles/main.dir/home/kasper/.pico-sdk/src/rp2_common/pico_bit_ops/bit_ops_aeabi.S.o
 .text.__wrap___aeabi_uidiv
                0x1000177c       0x4c CMakeFiles/main.dir/home/kasper/.pico-sdk/src/rp2_common/pico_divider/divider_hardware.S.o
                0x1000177c                __wrap___aeabi_uidiv
                0x1000177c                __wrap___aeabi_uidivmod
                0x1000177c                div_u32u32
                0x1000177c                divmod_u32u32
                0x10001784                divmod_u32u32_unsafe
                0x100017ac                divmod_u32u32_savestate
 .text.__aeabi_double_init
                0x100017c8       0xa4 CMakeFiles/main.dir/home/kasper/.pico-sdk/src/rp2_common/pico_double/double_init_rom_rp2040.c.o
                0x100017c8                __aeabi_double_init
 .text.double_table_shim_on_use_helper
                0x1000186c       0x2c CMakeFiles/main.dir/home/kasper/.pico-sdk/src/rp2_common/pico_double/double_v1_rom_shim_rp2040.S.o
                0x1000186c                double_table_shim_on_use_helper
 .text.__aeabi_lmul
                0x10001898       0x32 CMakeFiles/main.dir/home/kasper/.pico-sdk/src/rp2_common/pico_int64_ops/pico_int64_ops_aeabi.S.o
                0x10001898                __wrap___aeabi_lmul
 *fill*         0x100018ca        0x2 
 .text.__aeabi_float_init
                0x100018cc       0x64 CMakeFiles/main.dir/home/kasper/.pico-sdk/src/rp2_common/pico_float/float_init_rom_rp2040.c.o
                0x100018cc                __aeabi_float_init
 .text.float_table_shim_on_use_helper
                0x10001930       0x2c CMakeFiles/main.dir/home/kasper/.pico-sdk/src/rp2_common/pico_float/float_v1_rom_shim_rp2040.S.o
                0x10001930                float_table_shim_on_use_helper
 .text          0x1000195c       0x10 CMakeFiles/main.dir/home/kasper/.pico-sdk/src/rp2_common/pico_mem_ops/mem_ops_aeabi.S.o
                0x1000195c                __aeabi_mem_init
 .text.memset   0x1000196c        0xc CMakeFiles/main.dir/home/kasper/.pico-sdk/src/rp2_common/pico_mem_ops/mem_ops_aeabi.S.o
                0x1000196c                __wrap_memset
 .text.memcpy   0x10001978        0xc CMakeFiles/main.dir/home/kasper/.pico-sdk/src/rp2_common/pico_mem_ops/mem_ops_aeabi.S.o
                0x10001978                __wrap___aeabi_memcpy
                0x10001978                __wrap_memcpy
 .text._out_char
                0x10001984       0x10 CMakeFiles/main.dir/home/kasper/.pico-sdk/src/rp2_common/pico_printf/printf.c.o
 .text.weak_raw_vprintf
                0x10001994       0x30 CMakeFiles/main.dir/home/kasper/.pico-sdk/src/rp2_common/pico_printf/printf.c.o
                0x10001994                weak_raw_vprintf
 .text._exit    0x100019c4        0x4 CMakeFiles/main.dir/home/kasper/.pico-sdk/src/rp2_common/pico_clib_interface/newlib_interface.c.o
                0x100019c4                _exit
 .text.exit     0x100019c8        0x8 CMakeFiles/main.dir/home/kasper/.pico-sdk/src/rp2_common/pico_clib_interface/newlib_interface.c.o
                0x100019c8                exit
 .text.runtime_init
                0x100019d0       0x2c CMakeFiles/main.dir/home/kasper/.pico-sdk/src/rp2_common/pico_clib_interface/newlib_interface.c.o
                0x100019d0                runtime_init
 .text.stdio_out_chars_no_crlf
                0x100019fc       0x10 CMakeFiles/main.dir/home/kasper/.pico-sdk/src/rp2_common/pico_stdio/stdio.c.o
 .text.stdio_out_chars_crlf
                0x10001a0c       0x94 CMakeFiles/main.dir/home/kasper/.pico-sdk/src/rp2_common/pico_stdio/stdio.c.o
 .text.stdio_put_string
                0x10001aa0      0x100 CMakeFiles/main.dir/home/kasper/.pico-sdk/src/rp2_common/pico_stdio/stdio.c.o
                0x10001aa0                stdio_put_string
 .text.stdio_set_driver_enabled
                0x10001ba0       0x30 CMakeFiles/main.dir/home/kasper/.pico-sdk/src/rp2_common/pico_stdio/stdio.c.o
                0x10001ba0                stdio_set_driver_enabled
 .text.stdio_init_all
                0x10001bd0        0x8 CMakeFiles/main.dir/home/kasper/.pico-sdk/src/rp2_common/pico_stdio/stdio.c.o
                0x10001bd0                stdio_init_all
 .text.__wrap_putchar
                0x10001bd8       0x98 CMakeFiles/main.dir/home/kasper/.pico-sdk/src/rp2_common/pico_stdio/stdio.c.o
                0x10001bd8                stdio_putchar
                0x10001bd8                __wrap_putchar
 .text.__wrap_puts
                0x10001c70       0x3c CMakeFiles/main.dir/home/kasper/.pico-sdk/src/rp2_common/pico_stdio/stdio.c.o
                0x10001c70                __wrap_puts
                0x10001c70                stdio_puts
 .text.resetd_init
                0x10001cac        0x4 CMakeFiles/main.dir/home/kasper/.pico-sdk/src/rp2_common/pico_stdio_usb/reset_interface.c.o
 .text.resetd_reset
                0x10001cb0        0xc CMakeFiles/main.dir/home/kasper/.pico-sdk/src/rp2_common/pico_stdio_usb/reset_interface.c.o
 .text.resetd_open
                0x10001cbc       0x28 CMakeFiles/main.dir/home/kasper/.pico-sdk/src/rp2_common/pico_stdio_usb/reset_interface.c.o
 .text.resetd_xfer_cb
                0x10001ce4        0x4 CMakeFiles/main.dir/home/kasper/.pico-sdk/src/rp2_common/pico_stdio_usb/reset_interface.c.o
 .text.resetd_control_xfer_cb
                0x10001ce8       0x5c CMakeFiles/main.dir/home/kasper/.pico-sdk/src/rp2_common/pico_stdio_usb/reset_interface.c.o
 .text.tud_descriptor_bos_cb
                0x10001d44        0x8 CMakeFiles/main.dir/home/kasper/.pico-sdk/src/rp2_common/pico_stdio_usb/reset_interface.c.o
                0x10001d44                tud_descriptor_bos_cb
 .text.tud_vendor_control_xfer_cb
                0x10001d4c       0x34 CMakeFiles/main.dir/home/kasper/.pico-sdk/src/rp2_common/pico_stdio_usb/reset_interface.c.o
                0x10001d4c                tud_vendor_control_xfer_cb
 .text.usbd_app_driver_get_cb
                0x10001d80        0xc CMakeFiles/main.dir/home/kasper/.pico-sdk/src/rp2_common/pico_stdio_usb/reset_interface.c.o
                0x10001d80                usbd_app_driver_get_cb
 .text.tud_cdc_line_coding_cb
                0x10001d8c       0x2c CMakeFiles/main.dir/home/kasper/.pico-sdk/src/rp2_common/pico_stdio_usb/reset_interface.c.o
                0x10001d8c                tud_cdc_line_coding_cb
 .text.stdio_usb_set_chars_available_callback
                0x10001db8       0x14 CMakeFiles/main.dir/home/kasper/.pico-sdk/src/rp2_common/pico_stdio_usb/stdio_usb.c.o
                0x10001db8                stdio_usb_set_chars_available_callback
 .text.usb_irq  0x10001dcc       0x10 CMakeFiles/main.dir/home/kasper/.pico-sdk/src/rp2_common/pico_stdio_usb/stdio_usb.c.o
 .text.timer_task
                0x10001ddc       0x64 CMakeFiles/main.dir/home/kasper/.pico-sdk/src/rp2_common/pico_stdio_usb/stdio_usb.c.o
 .text.stdio_usb_in_chars
                0x10001e40       0x90 CMakeFiles/main.dir/home/kasper/.pico-sdk/src/rp2_common/pico_stdio_usb/stdio_usb.c.o
                0x10001e40                stdio_usb_in_chars
 .text.stdio_usb_out_flush
                0x10001ed0       0x50 CMakeFiles/main.dir/home/kasper/.pico-sdk/src/rp2_common/pico_stdio_usb/stdio_usb.c.o
 .text.stdio_usb_out_chars
                0x10001f20      0x104 CMakeFiles/main.dir/home/kasper/.pico-sdk/src/rp2_common/pico_stdio_usb/stdio_usb.c.o
 .text.low_priority_worker_irq
                0x10002024       0xcc CMakeFiles/main.dir/home/kasper/.pico-sdk/src/rp2_common/pico_stdio_usb/stdio_usb.c.o
 .text.stdio_usb_init
                0x100020f0       0xec CMakeFiles/main.dir/home/kasper/.pico-sdk/src/rp2_common/pico_stdio_usb/stdio_usb.c.o
                0x100020f0                stdio_usb_init
 .text.tud_descriptor_device_cb
                0x100021dc        0x8 CMakeFiles/main.dir/home/kasper/.pico-sdk/src/rp2_common/pico_stdio_usb/stdio_usb_descriptors.c.o
                0x100021dc                tud_descriptor_device_cb
 .text.tud_descriptor_configuration_cb
                0x100021e4        0x8 CMakeFiles/main.dir/home/kasper/.pico-sdk/src/rp2_common/pico_stdio_usb/stdio_usb_descriptors.c.o
                0x100021e4                tud_descriptor_configuration_cb
 .text.tud_descriptor_string_cb
                0x100021ec       0x78 CMakeFiles/main.dir/home/kasper/.pico-sdk/src/rp2_common/pico_stdio_usb/stdio_usb_descriptors.c.o
                0x100021ec                tud_descriptor_string_cb
 .text.startup._retrieve_unique_id_on_boot
                0x10002264       0x10 CMakeFiles/main.dir/home/kasper/.pico-sdk/src/rp2_common/pico_unique_id/unique_id.c.o
 .text.pico_get_unique_board_id_string
                0x10002274      0x1a8 CMakeFiles/main.dir/home/kasper/.pico-sdk/src/rp2_common/pico_unique_id/unique_id.c.o
                0x10002274                pico_get_unique_board_id_string
 .text.flash_get_unique_id
                0x1000241c       0x3c CMakeFiles/main.dir/home/kasper/.pico-sdk/src/rp2_common/hardware_flash/flash.c.o
                0x1000241c                flash_get_unique_id
 .text.dcd_init
                0x10002458       0x90 CMakeFiles/main.dir/home/kasper/.pico-sdk/lib/tinyusb/src/portable/raspberrypi/rp2040/dcd_rp2040.c.o
                0x10002458                dcd_init
 .text.dcd_int_enable
                0x100024e8        0xc CMakeFiles/main.dir/home/kasper/.pico-sdk/lib/tinyusb/src/portable/raspberrypi/rp2040/dcd_rp2040.c.o
                0x100024e8                dcd_int_enable
 .text.dcd_set_address
                0x100024f4       0x14 CMakeFiles/main.dir/home/kasper/.pico-sdk/lib/tinyusb/src/portable/raspberrypi/rp2040/dcd_rp2040.c.o
                0x100024f4                dcd_set_address
 .text.dcd_sof_enable
                0x10002508       0x1c CMakeFiles/main.dir/home/kasper/.pico-sdk/lib/tinyusb/src/portable/raspberrypi/rp2040/dcd_rp2040.c.o
                0x10002508                dcd_sof_enable
 .text.dcd_edpt0_status_complete
                0x10002524       0x1c CMakeFiles/main.dir/home/kasper/.pico-sdk/lib/tinyusb/src/portable/raspberrypi/rp2040/dcd_rp2040.c.o
                0x10002524                dcd_edpt0_status_complete
 .text.dcd_edpt_open
                0x10002540      0x114 CMakeFiles/main.dir/home/kasper/.pico-sdk/lib/tinyusb/src/portable/raspberrypi/rp2040/dcd_rp2040.c.o
                0x10002540                dcd_edpt_open
 .text.dcd_edpt_close_all
                0x10002654        0x8 CMakeFiles/main.dir/home/kasper/.pico-sdk/lib/tinyusb/src/portable/raspberrypi/rp2040/dcd_rp2040.c.o
                0x10002654                dcd_edpt_close_all
 .text.dcd_edpt_xfer
                0x1000265c       0x24 CMakeFiles/main.dir/home/kasper/.pico-sdk/lib/tinyusb/src/portable/raspberrypi/rp2040/dcd_rp2040.c.o
                0x1000265c                dcd_edpt_xfer
 .text.dcd_edpt_stall
                0x10002680       0x34 CMakeFiles/main.dir/home/kasper/.pico-sdk/lib/tinyusb/src/portable/raspberrypi/rp2040/dcd_rp2040.c.o
                0x10002680                dcd_edpt_stall
 .text.dcd_edpt_clear_stall
                0x100026b4       0x30 CMakeFiles/main.dir/home/kasper/.pico-sdk/lib/tinyusb/src/portable/raspberrypi/rp2040/dcd_rp2040.c.o
                0x100026b4                dcd_edpt_clear_stall
 .text.rp2040_usb_init
                0x100026e4       0x40 CMakeFiles/main.dir/home/kasper/.pico-sdk/lib/tinyusb/src/portable/raspberrypi/rp2040/rp2040_usb.c.o
                0x100026e4                rp2040_usb_init
 .text.hw_endpoint_xfer_start
                0x10002724       0x40 CMakeFiles/main.dir/home/kasper/.pico-sdk/lib/tinyusb/src/portable/raspberrypi/rp2040/rp2040_usb.c.o
                0x10002724                hw_endpoint_xfer_start
 .text.tud_event_hook_cb
                0x10002764        0x4 CMakeFiles/main.dir/home/kasper/.pico-sdk/lib/tinyusb/src/device/usbd.c.o
                0x10002764                tud_event_hook_cb
 .text.tud_sof_cb
                0x10002768        0x4 CMakeFiles/main.dir/home/kasper/.pico-sdk/lib/tinyusb/src/device/usbd.c.o
                0x10002768                tud_sof_cb
 .text.tud_descriptor_device_qualifier_cb
                0x1000276c        0x4 CMakeFiles/main.dir/home/kasper/.pico-sdk/lib/tinyusb/src/device/usbd.c.o
                0x1000276c                tud_descriptor_device_qualifier_cb
 .text.tud_descriptor_other_speed_configuration_cb
                0x10002770        0x4 CMakeFiles/main.dir/home/kasper/.pico-sdk/lib/tinyusb/src/device/usbd.c.o
                0x10002770                tud_descriptor_other_speed_configuration_cb
 .text.tud_mount_cb
                0x10002774        0x4 CMakeFiles/main.dir/home/kasper/.pico-sdk/lib/tinyusb/src/device/usbd.c.o
                0x10002774                tud_mount_cb
 .text.tud_umount_cb
                0x10002778        0x4 CMakeFiles/main.dir/home/kasper/.pico-sdk/lib/tinyusb/src/device/usbd.c.o
                0x10002778                tud_umount_cb
 .text.tud_suspend_cb
                0x1000277c        0x4 CMakeFiles/main.dir/home/kasper/.pico-sdk/lib/tinyusb/src/device/usbd.c.o
                0x1000277c                tud_suspend_cb
 .text.tud_resume_cb
                0x10002780        0x4 CMakeFiles/main.dir/home/kasper/.pico-sdk/lib/tinyusb/src/device/usbd.c.o
                0x10002780                tud_resume_cb
 .text.tud_mounted
                0x10002784       0x10 CMakeFiles/main.dir/home/kasper/.pico-sdk/lib/tinyusb/src/device/usbd.c.o
                0x10002784                tud_mounted
 .text.tud_suspended
                0x10002794       0x10 CMakeFiles/main.dir/home/kasper/.pico-sdk/lib/tinyusb/src/device/usbd.c.o
                0x10002794                tud_suspended
 .text.tud_rhport_init
                0x100027a4       0xfc CMakeFiles/main.dir/home/kasper/.pico-sdk/lib/tinyusb/src/device/usbd.c.o
                0x100027a4                tud_rhport_init
 .text.tud_task_ext
                0x100028a0      0x800 CMakeFiles/main.dir/home/kasper/.pico-sdk/lib/tinyusb/src/device/usbd.c.o
                0x100028a0                tud_task_ext
 .text.usbd_open_edpt_pair
                0x100030a0       0x9c CMakeFiles/main.dir/home/kasper/.pico-sdk/lib/tinyusb/src/device/usbd.c.o
                0x100030a0                usbd_open_edpt_pair
 .text.usbd_edpt_open
                0x1000313c       0x34 CMakeFiles/main.dir/home/kasper/.pico-sdk/lib/tinyusb/src/device/usbd.c.o
                0x1000313c                usbd_edpt_open
 .text.usbd_edpt_claim
                0x10003170       0x28 CMakeFiles/main.dir/home/kasper/.pico-sdk/lib/tinyusb/src/device/usbd.c.o
                0x10003170                usbd_edpt_claim
 .text.usbd_edpt_release
                0x10003198       0x28 CMakeFiles/main.dir/home/kasper/.pico-sdk/lib/tinyusb/src/device/usbd.c.o
                0x10003198                usbd_edpt_release
 .text.usbd_edpt_xfer
                0x100031c0       0x4c CMakeFiles/main.dir/home/kasper/.pico-sdk/lib/tinyusb/src/device/usbd.c.o
                0x100031c0                usbd_edpt_xfer
 .text.tud_control_status
                0x1000320c       0x2c CMakeFiles/main.dir/home/kasper/.pico-sdk/lib/tinyusb/src/device/usbd_control.c.o
                0x1000320c                tud_control_status
 .text.tud_control_xfer
                0x10003238       0xac CMakeFiles/main.dir/home/kasper/.pico-sdk/lib/tinyusb/src/device/usbd_control.c.o
                0x10003238                tud_control_xfer
 .text.usbd_control_reset
                0x100032e4       0x14 CMakeFiles/main.dir/home/kasper/.pico-sdk/lib/tinyusb/src/device/usbd_control.c.o
                0x100032e4                usbd_control_reset
 .text.usbd_control_set_complete_callback
                0x100032f8        0xc CMakeFiles/main.dir/home/kasper/.pico-sdk/lib/tinyusb/src/device/usbd_control.c.o
                0x100032f8                usbd_control_set_complete_callback
 .text.usbd_control_set_request
                0x10003304       0x1c CMakeFiles/main.dir/home/kasper/.pico-sdk/lib/tinyusb/src/device/usbd_control.c.o
                0x10003304                usbd_control_set_request
 .text.usbd_control_xfer_cb
                0x10003320       0xec CMakeFiles/main.dir/home/kasper/.pico-sdk/lib/tinyusb/src/device/usbd_control.c.o
                0x10003320                usbd_control_xfer_cb
 .text._prep_out_transaction.isra.0
                0x1000340c       0x6c CMakeFiles/main.dir/home/kasper/.pico-sdk/lib/tinyusb/src/class/cdc/cdc_device.c.o
 .text.tud_cdc_n_connected
                0x10003478       0x2c CMakeFiles/main.dir/home/kasper/.pico-sdk/lib/tinyusb/src/class/cdc/cdc_device.c.o
                0x10003478                tud_cdc_n_connected
 .text.tud_cdc_n_available
                0x100034a4       0x14 CMakeFiles/main.dir/home/kasper/.pico-sdk/lib/tinyusb/src/class/cdc/cdc_device.c.o
                0x100034a4                tud_cdc_n_available
 .text.tud_cdc_n_read
                0x100034b8       0x94 CMakeFiles/main.dir/home/kasper/.pico-sdk/lib/tinyusb/src/class/cdc/cdc_device.c.o
                0x100034b8                tud_cdc_n_read
 .text.tud_cdc_n_write_flush
                0x1000354c       0x74 CMakeFiles/main.dir/home/kasper/.pico-sdk/lib/tinyusb/src/class/cdc/cdc_device.c.o
                0x1000354c                tud_cdc_n_write_flush
 .text.tud_cdc_n_write
                0x100035c0       0x40 CMakeFiles/main.dir/home/kasper/.pico-sdk/lib/tinyusb/src/class/cdc/cdc_device.c.o
                0x100035c0                tud_cdc_n_write
 .text.tud_cdc_n_write_available
                0x10003600       0x14 CMakeFiles/main.dir/home/kasper/.pico-sdk/lib/tinyusb/src/class/cdc/cdc_device.c.o
                0x10003600                tud_cdc_n_write_available
 .text.cdcd_init
                0x10003614       0x70 CMakeFiles/main.dir/home/kasper/.pico-sdk/lib/tinyusb/src/class/cdc/cdc_device.c.o
                0x10003614                cdcd_init
 .text.cdcd_deinit
                0x10003684       0x34 CMakeFiles/main.dir/home/kasper/.pico-sdk/lib/tinyusb/src/class/cdc/cdc_device.c.o
                0x10003684                cdcd_deinit
 .text.cdcd_reset
                0x100036b8       0x4c CMakeFiles/main.dir/home/kasper/.pico-sdk/lib/tinyusb/src/class/cdc/cdc_device.c.o
                0x100036b8                cdcd_reset
 .text.cdcd_open
                0x10003704       0xa8 CMakeFiles/main.dir/home/kasper/.pico-sdk/lib/tinyusb/src/class/cdc/cdc_device.c.o
                0x10003704                cdcd_open
 .text.cdcd_control_xfer_cb
                0x100037ac       0xe8 CMakeFiles/main.dir/home/kasper/.pico-sdk/lib/tinyusb/src/class/cdc/cdc_device.c.o
                0x100037ac                cdcd_control_xfer_cb
 .text.cdcd_xfer_cb
                0x10003894      0x100 CMakeFiles/main.dir/home/kasper/.pico-sdk/lib/tinyusb/src/class/cdc/cdc_device.c.o
                0x10003894                cdcd_xfer_cb
 .text.vendord_init
                0x10003994       0x5c CMakeFiles/main.dir/home/kasper/.pico-sdk/lib/tinyusb/src/class/vendor/vendor_device.c.o
                0x10003994                vendord_init
 .text.vendord_deinit
                0x100039f0       0x1c CMakeFiles/main.dir/home/kasper/.pico-sdk/lib/tinyusb/src/class/vendor/vendor_device.c.o
                0x100039f0                vendord_deinit
 .text.vendord_reset
                0x10003a0c       0x28 CMakeFiles/main.dir/home/kasper/.pico-sdk/lib/tinyusb/src/class/vendor/vendor_device.c.o
                0x10003a0c                vendord_reset
 .text.vendord_open
                0x10003a34      0x128 CMakeFiles/main.dir/home/kasper/.pico-sdk/lib/tinyusb/src/class/vendor/vendor_device.c.o
                0x10003a34                vendord_open
 .text.vendord_xfer_cb
                0x10003b5c       0x9c CMakeFiles/main.dir/home/kasper/.pico-sdk/lib/tinyusb/src/class/vendor/vendor_device.c.o
                0x10003b5c                vendord_xfer_cb
 .text.tusb_rhport_init
                0x10003bf8       0x48 CMakeFiles/main.dir/home/kasper/.pico-sdk/lib/tinyusb/src/tusb.c.o
                0x10003bf8                tusb_rhport_init
 .text.tu_edpt_claim
                0x10003c40       0x50 CMakeFiles/main.dir/home/kasper/.pico-sdk/lib/tinyusb/src/tusb.c.o
                0x10003c40                tu_edpt_claim
 .text.tu_edpt_release
                0x10003c90       0x38 CMakeFiles/main.dir/home/kasper/.pico-sdk/lib/tinyusb/src/tusb.c.o
                0x10003c90                tu_edpt_release
 .text.tu_edpt_validate
                0x10003cc8       0x7c CMakeFiles/main.dir/home/kasper/.pico-sdk/lib/tinyusb/src/tusb.c.o
                0x10003cc8                tu_edpt_validate
 .text.tu_edpt_bind_driver
                0x10003d44       0x34 CMakeFiles/main.dir/home/kasper/.pico-sdk/lib/tinyusb/src/tusb.c.o
                0x10003d44                tu_edpt_bind_driver
 .text.tu_edpt_stream_init
                0x10003d78       0x6c CMakeFiles/main.dir/home/kasper/.pico-sdk/lib/tinyusb/src/tusb.c.o
                0x10003d78                tu_edpt_stream_init
 .text.tu_edpt_stream_deinit
                0x10003de4        0x4 CMakeFiles/main.dir/home/kasper/.pico-sdk/lib/tinyusb/src/tusb.c.o
                0x10003de4                tu_edpt_stream_deinit
 .text.tu_edpt_stream_write_zlp_if_needed
                0x10003de8       0x68 CMakeFiles/main.dir/home/kasper/.pico-sdk/lib/tinyusb/src/tusb.c.o
                0x10003de8                tu_edpt_stream_write_zlp_if_needed
 .text.tu_edpt_stream_write_xfer
                0x10003e50       0x64 CMakeFiles/main.dir/home/kasper/.pico-sdk/lib/tinyusb/src/tusb.c.o
                0x10003e50                tu_edpt_stream_write_xfer
 .text.tu_edpt_stream_read_xfer
                0x10003eb4       0xdc CMakeFiles/main.dir/home/kasper/.pico-sdk/lib/tinyusb/src/tusb.c.o
                0x10003eb4                tu_edpt_stream_read_xfer
 .text.tu_fifo_config
                0x10003f90       0x6c CMakeFiles/main.dir/home/kasper/.pico-sdk/lib/tinyusb/src/common/tusb_fifo.c.o
                0x10003f90                tu_fifo_config
 .text.tu_fifo_count
                0x10003ffc       0x2c CMakeFiles/main.dir/home/kasper/.pico-sdk/lib/tinyusb/src/common/tusb_fifo.c.o
                0x10003ffc                tu_fifo_count
 .text.tu_fifo_empty
                0x10004028       0x10 CMakeFiles/main.dir/home/kasper/.pico-sdk/lib/tinyusb/src/common/tusb_fifo.c.o
                0x10004028                tu_fifo_empty
 .text.tu_fifo_remaining
                0x10004038       0x2c CMakeFiles/main.dir/home/kasper/.pico-sdk/lib/tinyusb/src/common/tusb_fifo.c.o
                0x10004038                tu_fifo_remaining
 .text.tu_fifo_read
                0x10004064       0x9c CMakeFiles/main.dir/home/kasper/.pico-sdk/lib/tinyusb/src/common/tusb_fifo.c.o
                0x10004064                tu_fifo_read
 .text.tu_fifo_read_n
                0x10004100       0xe8 CMakeFiles/main.dir/home/kasper/.pico-sdk/lib/tinyusb/src/common/tusb_fifo.c.o
                0x10004100                tu_fifo_read_n
 .text.tu_fifo_write
                0x100041e8       0xa8 CMakeFiles/main.dir/home/kasper/.pico-sdk/lib/tinyusb/src/common/tusb_fifo.c.o
                0x100041e8                tu_fifo_write
 .text.tu_fifo_write_n
                0x10004290      0x178 CMakeFiles/main.dir/home/kasper/.pico-sdk/lib/tinyusb/src/common/tusb_fifo.c.o
                0x10004290                tu_fifo_write_n
 .text.tu_fifo_clear
                0x10004408       0x40 CMakeFiles/main.dir/home/kasper/.pico-sdk/lib/tinyusb/src/common/tusb_fifo.c.o
                0x10004408                tu_fifo_clear
 .text.tu_fifo_set_overwritable
                0x10004448       0x48 CMakeFiles/main.dir/home/kasper/.pico-sdk/lib/tinyusb/src/common/tusb_fifo.c.o
                0x10004448                tu_fifo_set_overwritable
 .text.strlen   0x10004490       0x5c /opt/arm-gcc/arm-gnu-toolchain-13.3.rel1-x86_64-arm-none-eabi/bin/../lib/gcc/arm-none-eabi/13.3.1/../../../../arm-none-eabi/lib/thumb/v6-m/nofp/libg.a(libc_a-strlen-stub.o)
                0x10004490                strlen
 *(.fini)
 .fini          0x100044ec        0x4 /opt/arm-gcc/arm-gnu-toolchain-13.3.rel1-x86_64-arm-none-eabi/bin/../lib/gcc/arm-none-eabi/13.3.1/thumb/v6-m/nofp/crti.o
                0x100044ec                _fini
 .fini.__stub   0x100044f0       0xb0 linker stubs
 *crtbegin.o(.ctors)
 *crtbegin?.o(.ctors)
 *(EXCLUDE_FILE(*crtend.o *crtend?.o) .ctors)
 *(SORT_BY_NAME(.ctors.*))
 *(.ctors)
 *crtbegin.o(.dtors)
 *crtbegin?.o(.dtors)
 *(EXCLUDE_FILE(*crtend.o *crtend?.o) .dtors)
 *(SORT_BY_NAME(.dtors.*))
 *(.dtors)
                0x100045a0                        . = ALIGN (0x4)
                0x100045a0                        PROVIDE (__preinit_array_start = .)
 *(SORT_BY_NAME(.preinit_array.*))
 .preinit_array.00100
                0x100045a0        0x4 CMakeFiles/main.dir/home/kasper/.pico-sdk/src/rp2_common/pico_runtime_init/runtime_init.c.o
                0x100045a0                __pre_init_runtime_init_early_resets
 .preinit_array.00101
                0x100045a4        0x4 CMakeFiles/main.dir/home/kasper/.pico-sdk/src/rp2_common/pico_runtime_init/runtime_init.c.o
                0x100045a4                __pre_init_runtime_init_usb_power_down
 .preinit_array.00275
                0x100045a8        0x4 CMakeFiles/main.dir/home/kasper/.pico-sdk/src/rp2_common/pico_bit_ops/bit_ops_aeabi.S.o
 .preinit_array.00300
                0x100045ac        0x4 CMakeFiles/main.dir/home/kasper/.pico-sdk/src/rp2_common/pico_mem_ops/mem_ops_aeabi.S.o
 .preinit_array.00350
                0x100045b0        0x4 CMakeFiles/main.dir/home/kasper/.pico-sdk/src/rp2_common/pico_double/double_aeabi_rp2040.S.o
 .preinit_array.00350
                0x100045b4        0x4 CMakeFiles/main.dir/home/kasper/.pico-sdk/src/rp2_common/pico_float/float_aeabi_rp2040.S.o
 .preinit_array.00500
                0x100045b8        0x4 CMakeFiles/main.dir/home/kasper/.pico-sdk/src/rp2_common/pico_runtime_init/runtime_init.c.o
                0x100045b8                __pre_init_runtime_init_clocks
 .preinit_array.00600
                0x100045bc        0x4 CMakeFiles/main.dir/home/kasper/.pico-sdk/src/rp2_common/pico_runtime_init/runtime_init.c.o
                0x100045bc                __pre_init_runtime_init_post_clock_resets
 .preinit_array.00700
                0x100045c0        0x4 CMakeFiles/main.dir/home/kasper/.pico-sdk/src/rp2_common/pico_runtime_init/runtime_init.c.o
                0x100045c0                __pre_init_runtime_init_rp2040_gpio_ie_disable
 .preinit_array.01000
                0x100045c4        0x4 CMakeFiles/main.dir/home/kasper/.pico-sdk/src/rp2_common/pico_runtime_init/runtime_init.c.o
                0x100045c4                __pre_init_runtime_init_spin_locks_reset
 .preinit_array.01100
                0x100045c8        0x4 CMakeFiles/main.dir/home/kasper/.pico-sdk/src/common/pico_sync/mutex.c.o
                0x100045c8                __pre_init_runtime_init_mutex
 .preinit_array.10080
                0x100045cc        0x4 CMakeFiles/main.dir/home/kasper/.pico-sdk/src/rp2_common/pico_runtime_init/runtime_init.c.o
                0x100045cc                __pre_init_runtime_init_install_ram_vector_table
 .preinit_array.11000
                0x100045d0        0x4 CMakeFiles/main.dir/home/kasper/.pico-sdk/src/common/pico_time/time.c.o
                0x100045d0                __pre_init_runtime_init_default_alarm_pool
 .preinit_array.YYYYY
                0x100045d4        0x4 CMakeFiles/main.dir/home/kasper/.pico-sdk/src/rp2_common/pico_runtime/runtime.c.o
                0x100045d4                __pre_init_first_per_core_initializer
 .preinit_array.ZZZZZ.01200
                0x100045d8        0x4 CMakeFiles/main.dir/home/kasper/.pico-sdk/src/rp2_common/hardware_irq/irq.c.o
                0x100045d8                __pre_init_runtime_init_per_core_irq_priorities
 *(.preinit_array)
                0x100045dc                        PROVIDE (__preinit_array_end = .)
                0x100045dc                        . = ALIGN (0x4)
                0x100045dc                        PROVIDE (__init_array_start = .)
 *(SORT_BY_NAME(.init_array.*))
 .init_array.01000
                0x100045dc        0x4 CMakeFiles/main.dir/home/kasper/.pico-sdk/src/rp2_common/pico_unique_id/unique_id.c.o
 *(.init_array)
 .init_array    0x100045e0        0x4 /opt/arm-gcc/arm-gnu-toolchain-13.3.rel1-x86_64-arm-none-eabi/bin/../lib/gcc/arm-none-eabi/13.3.1/thumb/v6-m/nofp/crtbegin.o
                0x100045e4                        PROVIDE (__init_array_end = .)
                0x100045e4                        . = ALIGN (0x4)
                [!provide]                        PROVIDE (__fini_array_start = .)
 *(SORT_BY_NAME(.fini_array.*))
 *(.fini_array)
                [!provide]                        PROVIDE (__fini_array_end = .)
 *(.eh_frame*)
 .eh_frame      0x100045e4        0x0 /opt/arm-gcc/arm-gnu-toolchain-13.3.rel1-x86_64-arm-none-eabi/bin/../lib/gcc/arm-none-eabi/13.3.1/thumb/v6-m/nofp/crtbegin.o
                0x100045e4                        . = ALIGN (0x4)

.glue_7         0x100045e4        0x0
 .glue_7        0x100045e4        0x0 linker stubs

.glue_7t        0x100045e4        0x0
 .glue_7t       0x100045e4        0x0 linker stubs

.vfp11_veneer   0x100045e4        0x0
 .vfp11_veneer  0x100045e4        0x0 linker stubs

.v4_bx          0x100045e4        0x0
 .v4_bx         0x100045e4        0x0 linker stubs

.iplt           0x100045e4        0x0
 .iplt          0x100045e4        0x0 /opt/arm-gcc/arm-gnu-toolchain-13.3.rel1-x86_64-arm-none-eabi/bin/../lib/gcc/arm-none-eabi/13.3.1/thumb/v6-m/nofp/crtbegin.o

.rodata         0x100045e4      0x41c
 *(EXCLUDE_FILE(*libm.a: *libc.a:*lib_a-mem*.o *libgcc.a:) .rodata*)
 .rodata.main.str1.4
                0x100045e4      0x164 CMakeFiles/main.dir/main.c.o
                                  0xe (size before relaxing)
 .rodata.panic.str1.4
                0x10004748       0x12 CMakeFiles/main.dir/home/kasper/.pico-sdk/src/rp2_common/pico_platform_panic/panic.c.o
 .rodata.spin_lock_claim_unused.str1.4
                0x10004748       0x1b CMakeFiles/main.dir/home/kasper/.pico-sdk/src/rp2_common/hardware_sync/sync.c.o
 .rodata.user_irq_claim_unused.str1.4
                0x10004748       0x1b CMakeFiles/main.dir/home/kasper/.pico-sdk/src/rp2_common/hardware_irq/irq.c.o
 .rodata.timer_hardware_alarm_claim.str1.4
                0x10004748       0x22 CMakeFiles/main.dir/home/kasper/.pico-sdk/src/rp2_common/hardware_timer/timer.c.o
 .rodata.hard_assertion_failure.str1.4
                0x10004748        0xc CMakeFiles/main.dir/home/kasper/.pico-sdk/src/rp2_common/pico_runtime/runtime.c.o
 .rodata.str1.4
                0x10004748       0x3c CMakeFiles/main.dir/home/kasper/.pico-sdk/src/rp2_common/pico_standard_binary_info/standard_binary_info.c.o
 .rodata.__bi_84
                0x10004748        0xc CMakeFiles/main.dir/home/kasper/.pico-sdk/src/rp2_common/pico_standard_binary_info/standard_binary_info.c.o
 .rodata.__bi_78
                0x10004754        0xc CMakeFiles/main.dir/home/kasper/.pico-sdk/src/rp2_common/pico_standard_binary_info/standard_binary_info.c.o
 .rodata.__bi_54
                0x10004760        0xc CMakeFiles/main.dir/home/kasper/.pico-sdk/src/rp2_common/pico_standard_binary_info/standard_binary_info.c.o
 .rodata.__bi_48
                0x1000476c        0xc CMakeFiles/main.dir/home/kasper/.pico-sdk/src/rp2_common/pico_standard_binary_info/standard_binary_info.c.o
 .rodata.__bi_42
                0x10004778        0xc CMakeFiles/main.dir/home/kasper/.pico-sdk/src/rp2_common/pico_standard_binary_info/standard_binary_info.c.o
 .rodata.__bi_34
                0x10004784        0xc CMakeFiles/main.dir/home/kasper/.pico-sdk/src/rp2_common/pico_standard_binary_info/standard_binary_info.c.o
 .rodata.__bi_26
                0x10004790        0xc CMakeFiles/main.dir/home/kasper/.pico-sdk/src/rp2_common/pico_standard_binary_info/standard_binary_info.c.o
 .rodata.crlf_str.0
                0x1000479c        0x2 CMakeFiles/main.dir/home/kasper/.pico-sdk/src/rp2_common/pico_stdio/stdio.c.o
 *fill*         0x1000479e        0x2 
 .rodata._resetd_driver
                0x100047a0       0x20 CMakeFiles/main.dir/home/kasper/.pico-sdk/src/rp2_common/pico_stdio_usb/reset_interface.c.o
 .rodata.desc_ms_os_20
                0x100047c0       0xa6 CMakeFiles/main.dir/home/kasper/.pico-sdk/src/rp2_common/pico_stdio_usb/reset_interface.c.o
 *fill*         0x10004866        0x2 
 .rodata.desc_bos
                0x10004868       0x21 CMakeFiles/main.dir/home/kasper/.pico-sdk/src/rp2_common/pico_stdio_usb/reset_interface.c.o
                0x10004868                desc_bos
 .rodata.str1.4
                0x10004889       0x13 CMakeFiles/main.dir/home/kasper/.pico-sdk/src/rp2_common/pico_stdio_usb/stdio_usb.c.o
 *fill*         0x10004889        0x3 
 .rodata.__bi_202.0
                0x1000488c        0xc CMakeFiles/main.dir/home/kasper/.pico-sdk/src/rp2_common/pico_stdio_usb/stdio_usb.c.o
 .rodata.str1.4
                0x10004898       0x2a CMakeFiles/main.dir/home/kasper/.pico-sdk/src/rp2_common/pico_stdio_usb/stdio_usb_descriptors.c.o
 .rodata.usbd_desc_str
                0x10004898       0x18 CMakeFiles/main.dir/home/kasper/.pico-sdk/src/rp2_common/pico_stdio_usb/stdio_usb_descriptors.c.o
 .rodata.usbd_desc_cfg
                0x100048b0       0x54 CMakeFiles/main.dir/home/kasper/.pico-sdk/src/rp2_common/pico_stdio_usb/stdio_usb_descriptors.c.o
 .rodata.usbd_desc_device
                0x10004904       0x12 CMakeFiles/main.dir/home/kasper/.pico-sdk/src/rp2_common/pico_stdio_usb/stdio_usb_descriptors.c.o
 .rodata.str1.4
                0x10004916       0x14 CMakeFiles/main.dir/home/kasper/.pico-sdk/lib/tinyusb/src/portable/raspberrypi/rp2040/dcd_rp2040.c.o
 .rodata.str1.4
                0x10004916       0x48 CMakeFiles/main.dir/home/kasper/.pico-sdk/lib/tinyusb/src/portable/raspberrypi/rp2040/rp2040_usb.c.o
 *fill*         0x10004916        0x2 
 .rodata.tud_task_ext
                0x10004918       0x8c CMakeFiles/main.dir/home/kasper/.pico-sdk/lib/tinyusb/src/device/usbd.c.o
 .rodata        0x100049a4       0x1c CMakeFiles/main.dir/home/kasper/.pico-sdk/lib/tinyusb/src/device/usbd.c.o
 .rodata._usbd_driver
                0x100049c0       0x40 CMakeFiles/main.dir/home/kasper/.pico-sdk/lib/tinyusb/src/device/usbd.c.o
                0x10004a00                        . = ALIGN (0x4)
 *(SORT_BY_ALIGNMENT(SORT_BY_NAME(.flashdata*)))
                0x10004a00                        . = ALIGN (0x4)

.ARM.extab
 *(.ARM.extab* .gnu.linkonce.armextab.*)
                0x10004a00                        __exidx_start = .

.ARM.exidx
 *(.ARM.exidx* .gnu.linkonce.armexidx.*)
                0x10004a00                        __exidx_end = .
                0x10004a00                        . = ALIGN (0x4)
                0x10004a00                        __binary_info_start = .

.binary_info    0x10004a00       0x20
 *(.binary_info.keep.*)
 .binary_info.keep.__bi_ptr84
                0x10004a00        0x4 CMakeFiles/main.dir/home/kasper/.pico-sdk/src/rp2_common/pico_standard_binary_info/standard_binary_info.c.o
 .binary_info.keep.__bi_ptr78
                0x10004a04        0x4 CMakeFiles/main.dir/home/kasper/.pico-sdk/src/rp2_common/pico_standard_binary_info/standard_binary_info.c.o
 .binary_info.keep.__bi_ptr54
                0x10004a08        0x4 CMakeFiles/main.dir/home/kasper/.pico-sdk/src/rp2_common/pico_standard_binary_info/standard_binary_info.c.o
 .binary_info.keep.__bi_ptr48
                0x10004a0c        0x4 CMakeFiles/main.dir/home/kasper/.pico-sdk/src/rp2_common/pico_standard_binary_info/standard_binary_info.c.o
 .binary_info.keep.__bi_ptr42
                0x10004a10        0x4 CMakeFiles/main.dir/home/kasper/.pico-sdk/src/rp2_common/pico_standard_binary_info/standard_binary_info.c.o
 .binary_info.keep.__bi_ptr34
                0x10004a14        0x4 CMakeFiles/main.dir/home/kasper/.pico-sdk/src/rp2_common/pico_standard_binary_info/standard_binary_info.c.o
 .binary_info.keep.__bi_ptr26
                0x10004a18        0x4 CMakeFiles/main.dir/home/kasper/.pico-sdk/src/rp2_common/pico_standard_binary_info/standard_binary_info.c.o
 *(.binary_info.*)
 .binary_info.__bi_ptr202
                0x10004a1c        0x4 CMakeFiles/main.dir/home/kasper/.pico-sdk/src/rp2_common/pico_stdio_usb/stdio_usb.c.o
                0x10004a20                        __binary_info_end = .
                0x10004a20                        . = ALIGN (0x4)

.ram_vector_table
                0x20000000       0xc0
 *(.ram_vector_table)
 .ram_vector_table
                0x20000000       0xc0 CMakeFiles/main.dir/home/kasper/.pico-sdk/src/rp2_common/pico_runtime_init/runtime_init.c.o
                0x20000000                ram_vector_table

.uninitialized_data
                0x200000c0        0x0
                0x200000c0                        . = ALIGN (0x4)
 *(.uninitialized_data*)

.data           0x200000c0      0xfb0 load address 0x10004a20
                0x200000c0                        __data_start__ = .
 *(vtable)
 *(.time_critical*)
 .time_critical.mutex_try_enter
                0x200000c0       0x40 CMakeFiles/main.dir/home/kasper/.pico-sdk/src/common/pico_sync/mutex.c.o
                0x200000c0                mutex_try_enter
 .time_critical.mutex_try_enter_block_until
                0x20000100       0x9c CMakeFiles/main.dir/home/kasper/.pico-sdk/src/common/pico_sync/mutex.c.o
                0x20000100                mutex_try_enter_block_until
 .time_critical.mutex_enter_timeout_ms
                0x2000019c       0x90 CMakeFiles/main.dir/home/kasper/.pico-sdk/src/common/pico_sync/mutex.c.o
                0x2000019c                mutex_enter_timeout_ms
 .time_critical.mutex_exit
                0x2000022c       0x28 CMakeFiles/main.dir/home/kasper/.pico-sdk/src/common/pico_sync/mutex.c.o
                0x2000022c                mutex_exit
 .time_critical.flash_init_boot2_copyout
                0x20000254       0x30 CMakeFiles/main.dir/home/kasper/.pico-sdk/src/rp2_common/hardware_flash/flash.c.o
 .time_critical.flash_enable_xip_via_boot2
                0x20000284        0xc CMakeFiles/main.dir/home/kasper/.pico-sdk/src/rp2_common/hardware_flash/flash.c.o
 .time_critical.flash_save_hardware_state
                0x20000290       0x20 CMakeFiles/main.dir/home/kasper/.pico-sdk/src/rp2_common/hardware_flash/flash.c.o
 .time_critical.flash_restore_hardware_state
                0x200002b0       0x20 CMakeFiles/main.dir/home/kasper/.pico-sdk/src/rp2_common/hardware_flash/flash.c.o
 .time_critical.flash_cs_force
                0x200002d0       0x38 CMakeFiles/main.dir/home/kasper/.pico-sdk/src/rp2_common/hardware_flash/flash.c.o
 .time_critical.flash_do_cmd
                0x20000308       0xd0 CMakeFiles/main.dir/home/kasper/.pico-sdk/src/rp2_common/hardware_flash/flash.c.o
                0x20000308                flash_do_cmd
 .time_critical.reset_non_control_endpoints
                0x200003d8       0x68 CMakeFiles/main.dir/home/kasper/.pico-sdk/lib/tinyusb/src/portable/raspberrypi/rp2040/dcd_rp2040.c.o
 .time_critical.hw_handle_buff_status
                0x20000440       0xa0 CMakeFiles/main.dir/home/kasper/.pico-sdk/lib/tinyusb/src/portable/raspberrypi/rp2040/dcd_rp2040.c.o
 .time_critical.dcd_rp2040_irq
                0x200004e0      0x544 CMakeFiles/main.dir/home/kasper/.pico-sdk/lib/tinyusb/src/portable/raspberrypi/rp2040/dcd_rp2040.c.o
 .time_critical.prepare_ep_buffer
                0x20000a24       0xe0 CMakeFiles/main.dir/home/kasper/.pico-sdk/lib/tinyusb/src/portable/raspberrypi/rp2040/rp2040_usb.c.o
 .time_critical.sync_ep_buffer
                0x20000b04       0xa8 CMakeFiles/main.dir/home/kasper/.pico-sdk/lib/tinyusb/src/portable/raspberrypi/rp2040/rp2040_usb.c.o
 .time_critical._hw_endpoint_xfer_sync
                0x20000bac       0x28 CMakeFiles/main.dir/home/kasper/.pico-sdk/lib/tinyusb/src/portable/raspberrypi/rp2040/rp2040_usb.c.o
 .time_critical.e15_is_bulkin_ep
                0x20000bd4       0x28 CMakeFiles/main.dir/home/kasper/.pico-sdk/lib/tinyusb/src/portable/raspberrypi/rp2040/rp2040_usb.c.o
 .time_critical.e15_is_critical_frame_period
                0x20000bfc       0x34 CMakeFiles/main.dir/home/kasper/.pico-sdk/lib/tinyusb/src/portable/raspberrypi/rp2040/rp2040_usb.c.o
 .time_critical.hw_endpoint_reset_transfer
                0x20000c30        0xc CMakeFiles/main.dir/home/kasper/.pico-sdk/lib/tinyusb/src/portable/raspberrypi/rp2040/rp2040_usb.c.o
                0x20000c30                hw_endpoint_reset_transfer
 .time_critical._hw_endpoint_buffer_control_update32
                0x20000c3c       0x50 CMakeFiles/main.dir/home/kasper/.pico-sdk/lib/tinyusb/src/portable/raspberrypi/rp2040/rp2040_usb.c.o
                0x20000c3c                _hw_endpoint_buffer_control_update32
 .time_critical.hw_endpoint_start_next_buffer
                0x20000c8c       0x6c CMakeFiles/main.dir/home/kasper/.pico-sdk/lib/tinyusb/src/portable/raspberrypi/rp2040/rp2040_usb.c.o
                0x20000c8c                hw_endpoint_start_next_buffer
 .time_critical.hw_endpoint_xfer_continue
                0x20000cf8       0x40 CMakeFiles/main.dir/home/kasper/.pico-sdk/lib/tinyusb/src/portable/raspberrypi/rp2040/rp2040_usb.c.o
                0x20000cf8                hw_endpoint_xfer_continue
 .time_critical.tinyusb
                0x20000d38      0x1e4 CMakeFiles/main.dir/home/kasper/.pico-sdk/lib/tinyusb/src/device/usbd.c.o
                0x20000d38                dcd_event_handler
 *(.text*)
 .text          0x20000f1c        0x4 /opt/arm-gcc/arm-gnu-toolchain-13.3.rel1-x86_64-arm-none-eabi/bin/../lib/gcc/arm-none-eabi/13.3.1/thumb/v6-m/nofp/libgcc.a(_dvmd_tls.o)
                0x20000f1c                __aeabi_ldiv0
                0x20000f1c                __aeabi_idiv0
 .text.__stub   0x20000f20       0x80 linker stubs
                0x20000fa0                        . = ALIGN (0x4)
 *(.rodata*)
                0x20000fa0                        . = ALIGN (0x4)
 *(.data*)
 .data.striped_spin_lock_num
                0x20000fa0        0x1 CMakeFiles/main.dir/home/kasper/.pico-sdk/src/rp2_common/hardware_sync/sync.c.o
 *fill*         0x20000fa1        0x3 
 .data          0x20000fa4       0x48 CMakeFiles/main.dir/home/kasper/.pico-sdk/src/rp2_common/hardware_irq/irq_handler_chain.S.o
                0x20000fa4                irq_handler_chain_slots
                0x20000fd4                irq_handler_chain_first_slot
                0x20000fde                irq_handler_chain_remove_tail
 .data.default_alarm_pool
                0x20000fec       0x18 CMakeFiles/main.dir/home/kasper/.pico-sdk/src/common/pico_time/time.c.o
 *fill*         0x20001004        0xc 
 .data.aeabi_bits_funcs
                0x20001010       0x10 CMakeFiles/main.dir/home/kasper/.pico-sdk/src/rp2_common/pico_bit_ops/bit_ops_aeabi.S.o
                0x20001010                aeabi_bits_funcs
                0x20001020                aeabi_bits_funcs_end
 .data.aeabi_mem_funcs
                0x20001020       0x10 CMakeFiles/main.dir/home/kasper/.pico-sdk/src/rp2_common/pico_mem_ops/mem_ops_aeabi.S.o
                0x20001020                aeabi_mem_funcs
                0x20001030                aeabi_mem_funcs_end
 .data.stdio_usb
                0x20001030       0x18 CMakeFiles/main.dir/home/kasper/.pico-sdk/src/rp2_common/pico_stdio_usb/stdio_usb.c.o
                0x20001030                stdio_usb
 .data._usbd_qdef
                0x20001048       0x1c CMakeFiles/main.dir/home/kasper/.pico-sdk/lib/tinyusb/src/device/usbd.c.o
                0x20001048                _usbd_qdef
 .data._usbd_rhport
                0x20001064        0x1 CMakeFiles/main.dir/home/kasper/.pico-sdk/lib/tinyusb/src/device/usbd.c.o
                0x20001068                        . = ALIGN (0x4)
 *fill*         0x20001065        0x3 
 *(.after_data.*)
                0x20001068                        . = ALIGN (0x4)
                0x20001068                        PROVIDE (__mutex_array_start = .)
 *(SORT_BY_NAME(.mutex_array.*))
 *(.mutex_array)
 .mutex_array   0x20001068        0x8 CMakeFiles/main.dir/home/kasper/.pico-sdk/src/rp2_common/pico_stdio/stdio.c.o
                0x20001070                        PROVIDE (__mutex_array_end = .)
                0x20001070                        . = ALIGN (0x4)
 *(.jcr)
                0x20001070                        . = ALIGN (0x4)

.tm_clone_table
                0x20001070        0x0 load address 0x100059d0
 .tm_clone_table
                0x20001070        0x0 /opt/arm-gcc/arm-gnu-toolchain-13.3.rel1-x86_64-arm-none-eabi/bin/../lib/gcc/arm-none-eabi/13.3.1/thumb/v6-m/nofp/crtbegin.o
 .tm_clone_table
                0x20001070        0x0 /opt/arm-gcc/arm-gnu-toolchain-13.3.rel1-x86_64-arm-none-eabi/bin/../lib/gcc/arm-none-eabi/13.3.1/thumb/v6-m/nofp/crtend.o

.igot.plt       0x20001070        0x0 load address 0x100059d0
 .igot.plt      0x20001070        0x0 /opt/arm-gcc/arm-gnu-toolchain-13.3.rel1-x86_64-arm-none-eabi/bin/../lib/gcc/arm-none-eabi/13.3.1/thumb/v6-m/nofp/crtbegin.o

.tdata          0x20001070        0x0 load address 0x100059d0
                0x20001070                        . = ALIGN (0x4)
 *(.tdata .tdata.* .gnu.linkonce.td.*)
                0x20001070                        __tdata_end = .
                0x20001070                        PROVIDE (__data_end__ = .)
                0x10004a20                        __etext = LOADADDR (.data)

.tbss           0x20001070        0x0 load address 0x100059d0
                0x20001070                        . = ALIGN (0x4)
                0x20001070                        __bss_start__ = .
                0x20001070                        __tls_base = .
 *(.tbss .tbss.* .gnu.linkonce.tb.*)
 *(.tcommon)
                0x20001070                        __tls_end = .

.bss            0x20001070      0xefc load address 0x100059d0
                0x20001070                        . = ALIGN (0x4)
                0x20001070                        __tbss_end = .
 *(SORT_BY_ALIGNMENT(SORT_BY_NAME(.bss*)))
 .bss.default_alarm_pool_entries
                0x20001070      0x180 CMakeFiles/main.dir/home/kasper/.pico-sdk/src/common/pico_time/time.c.o
 .bss.last_avail_time.1
                0x200011f0        0x8 CMakeFiles/main.dir/home/kasper/.pico-sdk/src/rp2_common/pico_stdio_usb/stdio_usb.c.o
 .bss.sd_table  0x200011f8      0x100 CMakeFiles/main.dir/home/kasper/.pico-sdk/src/rp2_common/pico_double/double_init_rom_rp2040.c.o
                0x200011f8                sd_table
 .bss.sf_table  0x200012f8      0x100 CMakeFiles/main.dir/home/kasper/.pico-sdk/src/rp2_common/pico_float/float_init_rom_rp2040.c.o
                0x200012f8                sf_table
 .bss._app_driver
                0x200013f8        0x4 CMakeFiles/main.dir/home/kasper/.pico-sdk/lib/tinyusb/src/device/usbd.c.o
 .bss._cdcd_epbuf
                0x200013fc       0x80 CMakeFiles/main.dir/home/kasper/.pico-sdk/lib/tinyusb/src/class/cdc/cdc_device.c.o
 .bss._cdcd_fifo_cfg
                0x2000147c        0x1 CMakeFiles/main.dir/home/kasper/.pico-sdk/lib/tinyusb/src/class/cdc/cdc_device.c.o
 *fill*         0x2000147d        0x3 
 .bss._cdcd_itf
                0x20001480       0xc8 CMakeFiles/main.dir/home/kasper/.pico-sdk/lib/tinyusb/src/class/cdc/cdc_device.c.o
 .bss._ctrl_epbuf
                0x20001548       0x40 CMakeFiles/main.dir/home/kasper/.pico-sdk/lib/tinyusb/src/device/usbd_control.c.o
 .bss._ctrl_xfer
                0x20001588       0x14 CMakeFiles/main.dir/home/kasper/.pico-sdk/lib/tinyusb/src/device/usbd_control.c.o
 .bss._tusb_rhport_role
                0x2000159c        0x2 CMakeFiles/main.dir/home/kasper/.pico-sdk/lib/tinyusb/src/tusb.c.o
                0x2000159c                _tusb_rhport_role
 *fill*         0x2000159e        0x2 
 .bss._ubsd_mutexdef
                0x200015a0        0x8 CMakeFiles/main.dir/home/kasper/.pico-sdk/lib/tinyusb/src/device/usbd.c.o
 .bss._usbd_dev
                0x200015a8       0x54 CMakeFiles/main.dir/home/kasper/.pico-sdk/lib/tinyusb/src/device/usbd.c.o
 .bss._usbd_mutex
                0x200015fc        0x4 CMakeFiles/main.dir/home/kasper/.pico-sdk/lib/tinyusb/src/device/usbd.c.o
 .bss._usbd_q   0x20001600        0x4 CMakeFiles/main.dir/home/kasper/.pico-sdk/lib/tinyusb/src/device/usbd.c.o
 .bss._usbd_qdef_buf
                0x20001604       0xc0 CMakeFiles/main.dir/home/kasper/.pico-sdk/lib/tinyusb/src/device/usbd.c.o
                0x20001604                _usbd_qdef_buf
 .bss._vendord_epbuf
                0x200016c4       0x80 CMakeFiles/main.dir/home/kasper/.pico-sdk/lib/tinyusb/src/class/vendor/vendor_device.c.o
 .bss._vendord_itf
                0x20001744      0x24c CMakeFiles/main.dir/home/kasper/.pico-sdk/lib/tinyusb/src/class/vendor/vendor_device.c.o
 .bss.boot2_copyout
                0x20001990      0x100 CMakeFiles/main.dir/home/kasper/.pico-sdk/src/rp2_common/hardware_flash/flash.c.o
 .bss.chars_available_callback
                0x20001a90        0x4 CMakeFiles/main.dir/home/kasper/.pico-sdk/src/rp2_common/pico_stdio_usb/stdio_usb.c.o
 .bss.chars_available_param
                0x20001a94        0x4 CMakeFiles/main.dir/home/kasper/.pico-sdk/src/rp2_common/pico_stdio_usb/stdio_usb.c.o
 .bss.claimed   0x20001a98        0x4 CMakeFiles/main.dir/home/kasper/.pico-sdk/src/rp2_common/hardware_sync/sync.c.o
 .bss.claimed   0x20001a9c        0x1 CMakeFiles/main.dir/home/kasper/.pico-sdk/src/rp2_common/hardware_timer/timer.c.o
 *fill*         0x20001a9d        0x3 
 .bss.configured_freq
                0x20001aa0       0x28 CMakeFiles/main.dir/home/kasper/.pico-sdk/src/rp2_common/hardware_clocks/clocks.c.o
 .bss.desc_str.0
                0x20001ac8       0x28 CMakeFiles/main.dir/home/kasper/.pico-sdk/src/rp2_common/pico_stdio_usb/stdio_usb_descriptors.c.o
 .bss.drivers   0x20001af0        0x4 CMakeFiles/main.dir/home/kasper/.pico-sdk/src/rp2_common/pico_stdio/stdio.c.o
 .bss.e15_last_sof
                0x20001af4        0x4 CMakeFiles/main.dir/home/kasper/.pico-sdk/lib/tinyusb/src/portable/raspberrypi/rp2040/rp2040_usb.c.o
                0x20001af4                e15_last_sof
 .bss.filter    0x20001af8        0x4 CMakeFiles/main.dir/home/kasper/.pico-sdk/src/rp2_common/pico_stdio/stdio.c.o
 .bss.hw_endpoints
                0x20001afc      0x400 CMakeFiles/main.dir/home/kasper/.pico-sdk/lib/tinyusb/src/portable/raspberrypi/rp2040/dcd_rp2040.c.o
 .bss.lazy_vsnprintf
                0x20001efc        0x4 CMakeFiles/main.dir/home/kasper/.pico-sdk/src/rp2_common/pico_printf/printf.c.o
 .bss.load_value
                0x20001f00        0x4 CMakeFiles/main.dir/home/kasper/.pico-sdk/src/rp2_common/hardware_watchdog/watchdog.c.o
 .bss.next_buffer_ptr
                0x20001f04        0x4 CMakeFiles/main.dir/home/kasper/.pico-sdk/lib/tinyusb/src/portable/raspberrypi/rp2040/dcd_rp2040.c.o
 .bss.object.0  0x20001f08       0x18 /opt/arm-gcc/arm-gnu-toolchain-13.3.rel1-x86_64-arm-none-eabi/bin/../lib/gcc/arm-none-eabi/13.3.1/thumb/v6-m/nofp/crtbegin.o
 .bss.one_shot_timer_crit_sec
                0x20001f20        0x8 CMakeFiles/main.dir/home/kasper/.pico-sdk/src/rp2_common/pico_stdio_usb/stdio_usb.c.o
 .bss.pools     0x20001f28       0x10 CMakeFiles/main.dir/home/kasper/.pico-sdk/src/common/pico_time/time.c.o
 .bss.retrieved_id
                0x20001f38        0x8 CMakeFiles/main.dir/home/kasper/.pico-sdk/src/rp2_common/pico_unique_id/unique_id.c.o
 .bss.sf_clz_func
                0x20001f40        0x4 CMakeFiles/main.dir/home/kasper/.pico-sdk/src/rp2_common/pico_double/double_init_rom_rp2040.c.o
                0x20001f40                sf_clz_func
 .bss.sleep_notifier
                0x20001f44        0x4 CMakeFiles/main.dir/home/kasper/.pico-sdk/src/common/pico_time/time.c.o
 .bss.stdio_usb_mutex
                0x20001f48        0x8 CMakeFiles/main.dir/home/kasper/.pico-sdk/src/rp2_common/pico_stdio_usb/stdio_usb.c.o
 .bss.usbd_serial_str
                0x20001f50       0x11 CMakeFiles/main.dir/home/kasper/.pico-sdk/src/rp2_common/pico_stdio_usb/stdio_usb_descriptors.c.o
 .bss._app_driver_count
                0x20001f61        0x1 CMakeFiles/main.dir/home/kasper/.pico-sdk/lib/tinyusb/src/device/usbd.c.o
 .bss._sof_enable
                0x20001f62        0x1 CMakeFiles/main.dir/home/kasper/.pico-sdk/lib/tinyusb/src/portable/raspberrypi/rp2040/dcd_rp2040.c.o
 .bss._usbd_queued_setup
                0x20001f63        0x1 CMakeFiles/main.dir/home/kasper/.pico-sdk/lib/tinyusb/src/device/usbd.c.o
 .bss.boot2_copyout_valid
                0x20001f64        0x1 CMakeFiles/main.dir/home/kasper/.pico-sdk/src/rp2_common/hardware_flash/flash.c.o
 .bss.irq_handler_chain_free_slot_head
                0x20001f65        0x1 CMakeFiles/main.dir/home/kasper/.pico-sdk/src/rp2_common/hardware_irq/irq.c.o
 .bss.itf_num   0x20001f66        0x1 CMakeFiles/main.dir/home/kasper/.pico-sdk/src/rp2_common/pico_stdio_usb/reset_interface.c.o
 .bss.low_priority_irq_num
                0x20001f67        0x1 CMakeFiles/main.dir/home/kasper/.pico-sdk/src/rp2_common/pico_stdio_usb/stdio_usb.c.o
 .bss.one_shot_timer_pending
                0x20001f68        0x1 CMakeFiles/main.dir/home/kasper/.pico-sdk/src/rp2_common/pico_stdio_usb/stdio_usb.c.o
 .bss.user_irq_claimed
                0x20001f69        0x1 CMakeFiles/main.dir/home/kasper/.pico-sdk/src/rp2_common/hardware_irq/irq.c.o
 *(COMMON)
                0x20001f6c                        . = ALIGN (0x4)
 *fill*         0x20001f6a        0x2 
                0x20001f6c                        __bss_end__ = .

.heap           0x20001f6c      0x800 load address 0x100059d0
                0x20001f6c                        __end__ = .
                0x20001f6c                        end = __end__
 *(.heap*)
 .heap          0x20001f6c      0x800 CMakeFiles/main.dir/home/kasper/.pico-sdk/src/rp2_common/pico_crt0/crt0.S.o
                0x20040000                        __HeapLimit = (ORIGIN (RAM) + LENGTH (RAM))

.scratch_x      0x20040000        0x0 load address 0x100059d0
                0x20040000                        __scratch_x_start__ = .
 *(.scratch_x.*)
                0x20040000                        . = ALIGN (0x4)
                0x20040000                        __scratch_x_end__ = .
                0x100059d0                        __scratch_x_source__ = LOADADDR (.scratch_x)

.scratch_y      0x20041000        0x0 load address 0x100059d0
                0x20041000                        __scratch_y_start__ = .
 *(.scratch_y.*)
                0x20041000                        . = ALIGN (0x4)
                0x20041000                        __scratch_y_end__ = .
                0x100059d0                        __scratch_y_source__ = LOADADDR (.scratch_y)

.stack1_dummy
 *(.stack1*)

.stack_dummy    0x20041000      0x800
 *(.stack*)
 .stack         0x20041000      0x800 CMakeFiles/main.dir/home/kasper/.pico-sdk/src/rp2_common/pico_crt0/crt0.S.o

.rel.dyn        0x20041800        0x0
 .rel.iplt      0x20041800        0x0 /opt/arm-gcc/arm-gnu-toolchain-13.3.rel1-x86_64-arm-none-eabi/bin/../lib/gcc/arm-none-eabi/13.3.1/thumb/v6-m/nofp/crtbegin.o

.flash_end      0x100059d0        0x0
 *(.embedded_end_block*)
                0x100059d0                        PROVIDE (__flash_binary_end = .)
                0x20040000                        __StackLimit = (ORIGIN (RAM) + LENGTH (RAM))
                0x20041000                        __StackOneTop = (ORIGIN (SCRATCH_X) + LENGTH (SCRATCH_X))
                0x20042000                        __StackTop = (ORIGIN (SCRATCH_Y) + LENGTH (SCRATCH_Y))
                0x20041000                        __StackOneBottom = (__StackOneTop - SIZEOF (.stack1_dummy))
                0x20041800                        __StackBottom = (__StackTop - SIZEOF (.stack_dummy))
                0x20042000                        PROVIDE (__stack = __StackTop)
                [!provide]                        PROVIDE (__heap_start = __end__)
                [!provide]                        PROVIDE (__heap_end = __HeapLimit)
                [!provide]                        PROVIDE (__tls_align = MAX (ALIGNOF (.tdata), ALIGNOF (.tbss)))
                [!provide]                        PROVIDE (__tls_size_align = (((__tls_size + __tls_align) - 0x1) & ~ ((__tls_align - 0x1))))
                [!provide]                        PROVIDE (__arm32_tls_tcb_offset = MAX (0x8, __tls_align))
                [!provide]                        PROVIDE (_end = __end__)
                [!provide]                        PROVIDE (__llvm_libc_heap_limit = __HeapLimit)
                0x00000001                        ASSERT ((__StackLimit >= __HeapLimit), region RAM overflowed)
                0x00000001                        ASSERT (((__binary_info_header_end - __logical_binary_start) <= 0x100), Binary info must be in first 256 bytes of the binary)
LOAD CMakeFiles/main.dir/main.c.o
LOAD CMakeFiles/main.dir/home/kasper/.pico-sdk/src/rp2_common/pico_stdlib/stdlib.c.o
LOAD CMakeFiles/main.dir/home/kasper/.pico-sdk/src/rp2_common/hardware_gpio/gpio.c.o
LOAD CMakeFiles/main.dir/home/kasper/.pico-sdk/src/rp2040/pico_platform/platform.c.o
LOAD CMakeFiles/main.dir/home/kasper/.pico-sdk/src/rp2_common/pico_platform_common/common.c.o
LOAD CMakeFiles/main.dir/home/kasper/.pico-sdk/src/rp2_common/pico_platform_panic/panic.c.o
LOAD CMakeFiles/main.dir/home/kasper/.pico-sdk/src/common/hardware_claim/claim.c.o
LOAD CMakeFiles/main.dir/home/kasper/.pico-sdk/src/rp2_common/hardware_sync/sync.c.o
LOAD CMakeFiles/main.dir/home/kasper/.pico-sdk/src/rp2_common/hardware_sync_spin_lock/sync_spin_lock.c.o
LOAD CMakeFiles/main.dir/home/kasper/.pico-sdk/src/rp2_common/hardware_irq/irq.c.o
LOAD CMakeFiles/main.dir/home/kasper/.pico-sdk/src/rp2_common/hardware_irq/irq_handler_chain.S.o
LOAD CMakeFiles/main.dir/home/kasper/.pico-sdk/src/common/pico_sync/sem.c.o
LOAD CMakeFiles/main.dir/home/kasper/.pico-sdk/src/common/pico_sync/lock_core.c.o
LOAD CMakeFiles/main.dir/home/kasper/.pico-sdk/src/common/pico_sync/mutex.c.o
LOAD CMakeFiles/main.dir/home/kasper/.pico-sdk/src/common/pico_sync/critical_section.c.o
LOAD CMakeFiles/main.dir/home/kasper/.pico-sdk/src/common/pico_time/time.c.o
LOAD CMakeFiles/main.dir/home/kasper/.pico-sdk/src/common/pico_time/timeout_helper.c.o
LOAD CMakeFiles/main.dir/home/kasper/.pico-sdk/src/rp2_common/hardware_timer/timer.c.o
LOAD CMakeFiles/main.dir/home/kasper/.pico-sdk/src/common/pico_util/datetime.c.o
LOAD CMakeFiles/main.dir/home/kasper/.pico-sdk/src/common/pico_util/pheap.c.o
LOAD CMakeFiles/main.dir/home/kasper/.pico-sdk/src/common/pico_util/queue.c.o
LOAD CMakeFiles/main.dir/home/kasper/.pico-sdk/src/rp2_common/hardware_uart/uart.c.o
LOAD CMakeFiles/main.dir/home/kasper/.pico-sdk/src/rp2_common/hardware_clocks/clocks.c.o
LOAD CMakeFiles/main.dir/home/kasper/.pico-sdk/src/rp2_common/hardware_pll/pll.c.o
LOAD CMakeFiles/main.dir/home/kasper/.pico-sdk/src/rp2_common/hardware_vreg/vreg.c.o
LOAD CMakeFiles/main.dir/home/kasper/.pico-sdk/src/rp2_common/hardware_watchdog/watchdog.c.o
LOAD CMakeFiles/main.dir/home/kasper/.pico-sdk/src/rp2_common/hardware_ticks/ticks.c.o
LOAD CMakeFiles/main.dir/home/kasper/.pico-sdk/src/rp2_common/pico_bootrom/bootrom.c.o
LOAD CMakeFiles/main.dir/home/kasper/.pico-sdk/src/rp2_common/pico_bootrom/bootrom_lock.c.o
LOAD CMakeFiles/main.dir/home/kasper/.pico-sdk/src/rp2_common/hardware_boot_lock/boot_lock.c.o
LOAD CMakeFiles/main.dir/home/kasper/.pico-sdk/src/rp2_common/pico_flash/flash.c.o
LOAD CMakeFiles/main.dir/home/kasper/.pico-sdk/src/rp2_common/hardware_xosc/xosc.c.o
LOAD CMakeFiles/main.dir/home/kasper/.pico-sdk/src/rp2_common/hardware_divider/divider.S.o
LOAD CMakeFiles/main.dir/home/kasper/.pico-sdk/src/rp2_common/pico_runtime/runtime.c.o
LOAD CMakeFiles/main.dir/home/kasper/.pico-sdk/src/rp2_common/pico_runtime_init/runtime_init.c.o
LOAD CMakeFiles/main.dir/home/kasper/.pico-sdk/src/rp2_common/pico_runtime_init/runtime_init_clocks.c.o
LOAD CMakeFiles/main.dir/home/kasper/.pico-sdk/src/rp2_common/pico_runtime_init/runtime_init_stack_guard.c.o
LOAD CMakeFiles/main.dir/home/kasper/.pico-sdk/src/rp2_common/pico_bit_ops/bit_ops_aeabi.S.o
LOAD CMakeFiles/main.dir/home/kasper/.pico-sdk/src/rp2_common/pico_divider/divider_hardware.S.o
LOAD CMakeFiles/main.dir/home/kasper/.pico-sdk/src/rp2_common/pico_double/double_aeabi_rp2040.S.o
LOAD CMakeFiles/main.dir/home/kasper/.pico-sdk/src/rp2_common/pico_double/double_init_rom_rp2040.c.o
LOAD CMakeFiles/main.dir/home/kasper/.pico-sdk/src/rp2_common/pico_double/double_math.c.o
LOAD CMakeFiles/main.dir/home/kasper/.pico-sdk/src/rp2_common/pico_double/double_v1_rom_shim_rp2040.S.o
LOAD CMakeFiles/main.dir/home/kasper/.pico-sdk/src/rp2_common/pico_int64_ops/pico_int64_ops_aeabi.S.o
LOAD CMakeFiles/main.dir/home/kasper/.pico-sdk/src/rp2_common/pico_float/float_aeabi_rp2040.S.o
LOAD CMakeFiles/main.dir/home/kasper/.pico-sdk/src/rp2_common/pico_float/float_init_rom_rp2040.c.o
LOAD CMakeFiles/main.dir/home/kasper/.pico-sdk/src/rp2_common/pico_float/float_math.c.o
LOAD CMakeFiles/main.dir/home/kasper/.pico-sdk/src/rp2_common/pico_float/float_v1_rom_shim_rp2040.S.o
LOAD CMakeFiles/main.dir/home/kasper/.pico-sdk/src/rp2_common/pico_malloc/malloc.c.o
LOAD CMakeFiles/main.dir/home/kasper/.pico-sdk/src/rp2_common/pico_mem_ops/mem_ops_aeabi.S.o
LOAD CMakeFiles/main.dir/home/kasper/.pico-sdk/src/rp2_common/pico_atomic/atomic.c.o
LOAD CMakeFiles/main.dir/home/kasper/.pico-sdk/src/rp2_common/pico_cxx_options/new_delete.cpp.o
LOAD CMakeFiles/main.dir/home/kasper/.pico-sdk/src/rp2_common/pico_standard_binary_info/standard_binary_info.c.o
LOAD CMakeFiles/main.dir/home/kasper/.pico-sdk/src/rp2_common/pico_printf/printf.c.o
LOAD CMakeFiles/main.dir/home/kasper/.pico-sdk/src/rp2_common/pico_crt0/crt0.S.o
LOAD CMakeFiles/main.dir/home/kasper/.pico-sdk/src/rp2_common/pico_clib_interface/newlib_interface.c.o
LOAD CMakeFiles/main.dir/home/kasper/.pico-sdk/src/rp2_common/pico_stdio/stdio.c.o
LOAD CMakeFiles/main.dir/home/kasper/.pico-sdk/src/rp2_common/pico_stdio_usb/reset_interface.c.o
LOAD CMakeFiles/main.dir/home/kasper/.pico-sdk/src/rp2_common/pico_stdio_usb/stdio_usb.c.o
LOAD CMakeFiles/main.dir/home/kasper/.pico-sdk/src/rp2_common/pico_stdio_usb/stdio_usb_descriptors.c.o
LOAD CMakeFiles/main.dir/home/kasper/.pico-sdk/src/rp2_common/pico_unique_id/unique_id.c.o
LOAD CMakeFiles/main.dir/home/kasper/.pico-sdk/src/rp2_common/hardware_flash/flash.c.o
LOAD CMakeFiles/main.dir/home/kasper/.pico-sdk/src/rp2_common/hardware_xip_cache/xip_cache.c.o
LOAD CMakeFiles/main.dir/home/kasper/.pico-sdk/lib/tinyusb/src/portable/raspberrypi/rp2040/dcd_rp2040.c.o
LOAD CMakeFiles/main.dir/home/kasper/.pico-sdk/lib/tinyusb/src/portable/raspberrypi/rp2040/rp2040_usb.c.o
LOAD CMakeFiles/main.dir/home/kasper/.pico-sdk/lib/tinyusb/src/device/usbd.c.o
LOAD CMakeFiles/main.dir/home/kasper/.pico-sdk/lib/tinyusb/src/device/usbd_control.c.o
LOAD CMakeFiles/main.dir/home/kasper/.pico-sdk/lib/tinyusb/src/class/audio/audio_device.c.o
LOAD CMakeFiles/main.dir/home/kasper/.pico-sdk/lib/tinyusb/src/class/cdc/cdc_device.c.o
LOAD CMakeFiles/main.dir/home/kasper/.pico-sdk/lib/tinyusb/src/class/dfu/dfu_device.c.o
LOAD CMakeFiles/main.dir/home/kasper/.pico-sdk/lib/tinyusb/src/class/dfu/dfu_rt_device.c.o
LOAD CMakeFiles/main.dir/home/kasper/.pico-sdk/lib/tinyusb/src/class/hid/hid_device.c.o
LOAD CMakeFiles/main.dir/home/kasper/.pico-sdk/lib/tinyusb/src/class/midi/midi_device.c.o
LOAD CMakeFiles/main.dir/home/kasper/.pico-sdk/lib/tinyusb/src/class/msc/msc_device.c.o
LOAD CMakeFiles/main.dir/home/kasper/.pico-sdk/lib/tinyusb/src/class/net/ecm_rndis_device.c.o
LOAD CMakeFiles/main.dir/home/kasper/.pico-sdk/lib/tinyusb/src/class/net/ncm_device.c.o
LOAD CMakeFiles/main.dir/home/kasper/.pico-sdk/lib/tinyusb/src/class/usbtmc/usbtmc_device.c.o
LOAD CMakeFiles/main.dir/home/kasper/.pico-sdk/lib/tinyusb/src/class/vendor/vendor_device.c.o
LOAD CMakeFiles/main.dir/home/kasper/.pico-sdk/lib/tinyusb/src/class/video/video_device.c.o
LOAD CMakeFiles/main.dir/home/kasper/.pico-sdk/lib/tinyusb/src/tusb.c.o
LOAD CMakeFiles/main.dir/home/kasper/.pico-sdk/lib/tinyusb/src/common/tusb_fifo.c.o
LOAD CMakeFiles/main.dir/home/kasper/.pico-sdk/src/rp2_common/pico_fix/rp2040_usb_device_enumeration/rp2040_usb_device_enumeration.c.o
LOAD pico-sdk/src/rp2040/boot_stage2/CMakeFiles/bs2_default_library.dir/bs2_default_padded_checksummed.S.o
LOAD /opt/arm-gcc/arm-gnu-toolchain-13.3.rel1-x86_64-arm-none-eabi/bin/../lib/gcc/arm-none-eabi/13.3.1/../../../../arm-none-eabi/lib/thumb/v6-m/nofp/libstdc++.a
LOAD /opt/arm-gcc/arm-gnu-toolchain-13.3.rel1-x86_64-arm-none-eabi/bin/../lib/gcc/arm-none-eabi/13.3.1/../../../../arm-none-eabi/lib/thumb/v6-m/nofp/libm.a
START GROUP
LOAD /opt/arm-gcc/arm-gnu-toolchain-13.3.rel1-x86_64-arm-none-eabi/bin/../lib/gcc/arm-none-eabi/13.3.1/thumb/v6-m/nofp/libgcc.a
LOAD /opt/arm-gcc/arm-gnu-toolchain-13.3.rel1-x86_64-arm-none-eabi/bin/../lib/gcc/arm-none-eabi/13.3.1/../../../../arm-none-eabi/lib/thumb/v6-m/nofp/libg.a
LOAD /opt/arm-gcc/arm-gnu-toolchain-13.3.rel1-x86_64-arm-none-eabi/bin/../lib/gcc/arm-none-eabi/13.3.1/../../../../arm-none-eabi/lib/thumb/v6-m/nofp/libc.a
END GROUP
START GROUP
LOAD /opt/arm-gcc/arm-gnu-toolchain-13.3.rel1-x86_64-arm-none-eabi/bin/../lib/gcc/arm-none-eabi/13.3.1/thumb/v6-m/nofp/libgcc.a
LOAD /opt/arm-gcc/arm-gnu-toolchain-13.3.rel1-x86_64-arm-none-eabi/bin/../lib/gcc/arm-none-eabi/13.3.1/../../../../arm-none-eabi/lib/thumb/v6-m/nofp/libc.a
LOAD /opt/arm-gcc/arm-gnu-toolchain-13.3.rel1-x86_64-arm-none-eabi/bin/../lib/gcc/arm-none-eabi/13.3.1/../../../../arm-none-eabi/lib/thumb/v6-m/nofp/libnosys.a
END GROUP
LOAD /opt/arm-gcc/arm-gnu-toolchain-13.3.rel1-x86_64-arm-none-eabi/bin/../lib/gcc/arm-none-eabi/13.3.1/thumb/v6-m/nofp/crtend.o
LOAD /opt/arm-gcc/arm-gnu-toolchain-13.3.rel1-x86_64-arm-none-eabi/bin/../lib/gcc/arm-none-eabi/13.3.1/thumb/v6-m/nofp/crtn.o
OUTPUT(main.elf elf32-littlearm)
LOAD linker stubs

.ARM.attributes
                0x00000000       0x28
 .ARM.attributes
                0x00000000       0x1e /opt/arm-gcc/arm-gnu-toolchain-13.3.rel1-x86_64-arm-none-eabi/bin/../lib/gcc/arm-none-eabi/13.3.1/thumb/v6-m/nofp/crti.o
 .ARM.attributes
                0x0000001e       0x2c /opt/arm-gcc/arm-gnu-toolchain-13.3.rel1-x86_64-arm-none-eabi/bin/../lib/gcc/arm-none-eabi/13.3.1/thumb/v6-m/nofp/crtbegin.o
 .ARM.attributes
                0x0000004a       0x2c CMakeFiles/main.dir/main.c.o
 .ARM.attributes
                0x00000076       0x2c CMakeFiles/main.dir/home/kasper/.pico-sdk/src/rp2040/pico_platform/platform.c.o
 .ARM.attributes
                0x000000a2       0x2c CMakeFiles/main.dir/home/kasper/.pico-sdk/src/rp2_common/pico_platform_panic/panic.c.o
 .ARM.attributes
                0x000000ce       0x2c CMakeFiles/main.dir/home/kasper/.pico-sdk/src/common/hardware_claim/claim.c.o
 .ARM.attributes
                0x000000fa       0x2c CMakeFiles/main.dir/home/kasper/.pico-sdk/src/rp2_common/hardware_sync/sync.c.o
 .ARM.attributes
                0x00000126       0x2c CMakeFiles/main.dir/home/kasper/.pico-sdk/src/rp2_common/hardware_sync_spin_lock/sync_spin_lock.c.o
 .ARM.attributes
                0x00000152       0x2c CMakeFiles/main.dir/home/kasper/.pico-sdk/src/rp2_common/hardware_irq/irq.c.o
 .ARM.attributes
                0x0000017e       0x22 CMakeFiles/main.dir/home/kasper/.pico-sdk/src/rp2_common/hardware_irq/irq_handler_chain.S.o
 .ARM.attributes
                0x000001a0       0x2c CMakeFiles/main.dir/home/kasper/.pico-sdk/src/common/pico_sync/lock_core.c.o
 .ARM.attributes
                0x000001cc       0x2c CMakeFiles/main.dir/home/kasper/.pico-sdk/src/common/pico_sync/mutex.c.o
 .ARM.attributes
                0x000001f8       0x2c CMakeFiles/main.dir/home/kasper/.pico-sdk/src/common/pico_sync/critical_section.c.o
 .ARM.attributes
                0x00000224       0x2c CMakeFiles/main.dir/home/kasper/.pico-sdk/src/common/pico_time/time.c.o
 .ARM.attributes
                0x00000250       0x2c CMakeFiles/main.dir/home/kasper/.pico-sdk/src/rp2_common/hardware_timer/timer.c.o
 .ARM.attributes
                0x0000027c       0x2c CMakeFiles/main.dir/home/kasper/.pico-sdk/src/rp2_common/hardware_clocks/clocks.c.o
 .ARM.attributes
                0x000002a8       0x2c CMakeFiles/main.dir/home/kasper/.pico-sdk/src/rp2_common/hardware_pll/pll.c.o
 .ARM.attributes
                0x000002d4       0x2c CMakeFiles/main.dir/home/kasper/.pico-sdk/src/rp2_common/hardware_watchdog/watchdog.c.o
 .ARM.attributes
                0x00000300       0x2c CMakeFiles/main.dir/home/kasper/.pico-sdk/src/rp2_common/hardware_ticks/ticks.c.o
 .ARM.attributes
                0x0000032c       0x2c CMakeFiles/main.dir/home/kasper/.pico-sdk/src/rp2_common/pico_bootrom/bootrom.c.o
 .ARM.attributes
                0x00000358       0x2c CMakeFiles/main.dir/home/kasper/.pico-sdk/src/rp2_common/hardware_xosc/xosc.c.o
 .ARM.attributes
                0x00000384       0x2c CMakeFiles/main.dir/home/kasper/.pico-sdk/src/rp2_common/pico_runtime/runtime.c.o
 .ARM.attributes
                0x000003b0       0x2c CMakeFiles/main.dir/home/kasper/.pico-sdk/src/rp2_common/pico_runtime_init/runtime_init.c.o
 .ARM.attributes
                0x000003dc       0x2c CMakeFiles/main.dir/home/kasper/.pico-sdk/src/rp2_common/pico_runtime_init/runtime_init_clocks.c.o
 .ARM.attributes
                0x00000408       0x22 CMakeFiles/main.dir/home/kasper/.pico-sdk/src/rp2_common/pico_bit_ops/bit_ops_aeabi.S.o
 .ARM.attributes
                0x0000042a       0x22 CMakeFiles/main.dir/home/kasper/.pico-sdk/src/rp2_common/pico_divider/divider_hardware.S.o
 .ARM.attributes
                0x0000044c       0x22 CMakeFiles/main.dir/home/kasper/.pico-sdk/src/rp2_common/pico_double/double_aeabi_rp2040.S.o
 .ARM.attributes
                0x0000046e       0x2c CMakeFiles/main.dir/home/kasper/.pico-sdk/src/rp2_common/pico_double/double_init_rom_rp2040.c.o
 .ARM.attributes
                0x0000049a       0x22 CMakeFiles/main.dir/home/kasper/.pico-sdk/src/rp2_common/pico_double/double_v1_rom_shim_rp2040.S.o
 .ARM.attributes
                0x000004bc       0x22 CMakeFiles/main.dir/home/kasper/.pico-sdk/src/rp2_common/pico_int64_ops/pico_int64_ops_aeabi.S.o
 .ARM.attributes
                0x000004de       0x22 CMakeFiles/main.dir/home/kasper/.pico-sdk/src/rp2_common/pico_float/float_aeabi_rp2040.S.o
 .ARM.attributes
                0x00000500       0x2c CMakeFiles/main.dir/home/kasper/.pico-sdk/src/rp2_common/pico_float/float_init_rom_rp2040.c.o
 .ARM.attributes
                0x0000052c       0x22 CMakeFiles/main.dir/home/kasper/.pico-sdk/src/rp2_common/pico_float/float_v1_rom_shim_rp2040.S.o
 .ARM.attributes
                0x0000054e       0x22 CMakeFiles/main.dir/home/kasper/.pico-sdk/src/rp2_common/pico_mem_ops/mem_ops_aeabi.S.o
 .ARM.attributes
                0x00000570       0x2c CMakeFiles/main.dir/home/kasper/.pico-sdk/src/rp2_common/pico_standard_binary_info/standard_binary_info.c.o
 .ARM.attributes
                0x0000059c       0x2c CMakeFiles/main.dir/home/kasper/.pico-sdk/src/rp2_common/pico_printf/printf.c.o
 .ARM.attributes
                0x000005c8       0x22 CMakeFiles/main.dir/home/kasper/.pico-sdk/src/rp2_common/pico_crt0/crt0.S.o
 .ARM.attributes
                0x000005ea       0x2c CMakeFiles/main.dir/home/kasper/.pico-sdk/src/rp2_common/pico_clib_interface/newlib_interface.c.o
 .ARM.attributes
                0x00000616       0x2c CMakeFiles/main.dir/home/kasper/.pico-sdk/src/rp2_common/pico_stdio/stdio.c.o
 .ARM.attributes
                0x00000642       0x2c CMakeFiles/main.dir/home/kasper/.pico-sdk/src/rp2_common/pico_stdio_usb/reset_interface.c.o
 .ARM.attributes
                0x0000066e       0x2c CMakeFiles/main.dir/home/kasper/.pico-sdk/src/rp2_common/pico_stdio_usb/stdio_usb.c.o
 .ARM.attributes
                0x0000069a       0x2c CMakeFiles/main.dir/home/kasper/.pico-sdk/src/rp2_common/pico_stdio_usb/stdio_usb_descriptors.c.o
 .ARM.attributes
                0x000006c6       0x2c CMakeFiles/main.dir/home/kasper/.pico-sdk/src/rp2_common/pico_unique_id/unique_id.c.o
 .ARM.attributes
                0x000006f2       0x2c CMakeFiles/main.dir/home/kasper/.pico-sdk/src/rp2_common/hardware_flash/flash.c.o
 .ARM.attributes
                0x0000071e       0x2c CMakeFiles/main.dir/home/kasper/.pico-sdk/lib/tinyusb/src/portable/raspberrypi/rp2040/dcd_rp2040.c.o
 .ARM.attributes
                0x0000074a       0x2c CMakeFiles/main.dir/home/kasper/.pico-sdk/lib/tinyusb/src/portable/raspberrypi/rp2040/rp2040_usb.c.o
 .ARM.attributes
                0x00000776       0x2c CMakeFiles/main.dir/home/kasper/.pico-sdk/lib/tinyusb/src/device/usbd.c.o
 .ARM.attributes
                0x000007a2       0x2c CMakeFiles/main.dir/home/kasper/.pico-sdk/lib/tinyusb/src/device/usbd_control.c.o
 .ARM.attributes
                0x000007ce       0x2c CMakeFiles/main.dir/home/kasper/.pico-sdk/lib/tinyusb/src/class/cdc/cdc_device.c.o
 .ARM.attributes
                0x000007fa       0x2c CMakeFiles/main.dir/home/kasper/.pico-sdk/lib/tinyusb/src/class/vendor/vendor_device.c.o
 .ARM.attributes
                0x00000826       0x2c CMakeFiles/main.dir/home/kasper/.pico-sdk/lib/tinyusb/src/tusb.c.o
 .ARM.attributes
                0x00000852       0x2c CMakeFiles/main.dir/home/kasper/.pico-sdk/lib/tinyusb/src/common/tusb_fifo.c.o
 .ARM.attributes
                0x0000087e       0x22 pico-sdk/src/rp2040/boot_stage2/CMakeFiles/bs2_default_library.dir/bs2_default_padded_checksummed.S.o
 .ARM.attributes
                0x000008a0       0x1e /opt/arm-gcc/arm-gnu-toolchain-13.3.rel1-x86_64-arm-none-eabi/bin/../lib/gcc/arm-none-eabi/13.3.1/thumb/v6-m/nofp/libgcc.a(_dvmd_tls.o)
 .ARM.attributes
                0x000008be       0x2c /opt/arm-gcc/arm-gnu-toolchain-13.3.rel1-x86_64-arm-none-eabi/bin/../lib/gcc/arm-none-eabi/13.3.1/../../../../arm-none-eabi/lib/thumb/v6-m/nofp/libg.a(libc_a-strlen-stub.o)
 .ARM.attributes
                0x000008ea       0x2c /opt/arm-gcc/arm-gnu-toolchain-13.3.rel1-x86_64-arm-none-eabi/bin/../lib/gcc/arm-none-eabi/13.3.1/thumb/v6-m/nofp/crtend.o

.comment        0x00000000       0x45
 .comment       0x00000000       0x45 CMakeFiles/main.dir/main.c.o
                                 0x46 (size before relaxing)
 .comment       0x00000045       0x46 CMakeFiles/main.dir/home/kasper/.pico-sdk/src/rp2040/pico_platform/platform.c.o
 .comment       0x00000045       0x46 CMakeFiles/main.dir/home/kasper/.pico-sdk/src/rp2_common/pico_platform_panic/panic.c.o
 .comment       0x00000045       0x46 CMakeFiles/main.dir/home/kasper/.pico-sdk/src/common/hardware_claim/claim.c.o
 .comment       0x00000045       0x46 CMakeFiles/main.dir/home/kasper/.pico-sdk/src/rp2_common/hardware_sync/sync.c.o
 .comment       0x00000045       0x46 CMakeFiles/main.dir/home/kasper/.pico-sdk/src/rp2_common/hardware_sync_spin_lock/sync_spin_lock.c.o
 .comment       0x00000045       0x46 CMakeFiles/main.dir/home/kasper/.pico-sdk/src/rp2_common/hardware_irq/irq.c.o
 .comment       0x00000045       0x46 CMakeFiles/main.dir/home/kasper/.pico-sdk/src/common/pico_sync/lock_core.c.o
 .comment       0x00000045       0x46 CMakeFiles/main.dir/home/kasper/.pico-sdk/src/common/pico_sync/mutex.c.o
 .comment       0x00000045       0x46 CMakeFiles/main.dir/home/kasper/.pico-sdk/src/common/pico_sync/critical_section.c.o
 .comment       0x00000045       0x46 CMakeFiles/main.dir/home/kasper/.pico-sdk/src/common/pico_time/time.c.o
 .comment       0x00000045       0x46 CMakeFiles/main.dir/home/kasper/.pico-sdk/src/rp2_common/hardware_timer/timer.c.o
 .comment       0x00000045       0x46 CMakeFiles/main.dir/home/kasper/.pico-sdk/src/rp2_common/hardware_clocks/clocks.c.o
 .comment       0x00000045       0x46 CMakeFiles/main.dir/home/kasper/.pico-sdk/src/rp2_common/hardware_pll/pll.c.o
 .comment       0x00000045       0x46 CMakeFiles/main.dir/home/kasper/.pico-sdk/src/rp2_common/hardware_watchdog/watchdog.c.o
 .comment       0x00000045       0x46 CMakeFiles/main.dir/home/kasper/.pico-sdk/src/rp2_common/hardware_ticks/ticks.c.o
 .comment       0x00000045       0x46 CMakeFiles/main.dir/home/kasper/.pico-sdk/src/rp2_common/pico_bootrom/bootrom.c.o
 .comment       0x00000045       0x46 CMakeFiles/main.dir/home/kasper/.pico-sdk/src/rp2_common/hardware_xosc/xosc.c.o
 .comment       0x00000045       0x46 CMakeFiles/main.dir/home/kasper/.pico-sdk/src/rp2_common/pico_runtime/runtime.c.o
 .comment       0x00000045       0x46 CMakeFiles/main.dir/home/kasper/.pico-sdk/src/rp2_common/pico_runtime_init/runtime_init.c.o
 .comment       0x00000045       0x46 CMakeFiles/main.dir/home/kasper/.pico-sdk/src/rp2_common/pico_runtime_init/runtime_init_clocks.c.o
 .comment       0x00000045       0x46 CMakeFiles/main.dir/home/kasper/.pico-sdk/src/rp2_common/pico_double/double_init_rom_rp2040.c.o
 .comment       0x00000045       0x46 CMakeFiles/main.dir/home/kasper/.pico-sdk/src/rp2_common/pico_float/float_init_rom_rp2040.c.o
 .comment       0x00000045       0x46 CMakeFiles/main.dir/home/kasper/.pico-sdk/src/rp2_common/pico_standard_binary_info/standard_binary_info.c.o
 .comment       0x00000045       0x46 CMakeFiles/main.dir/home/kasper/.pico-sdk/src/rp2_common/pico_printf/printf.c.o
 .comment       0x00000045       0x46 CMakeFiles/main.dir/home/kasper/.pico-sdk/src/rp2_common/pico_clib_interface/newlib_interface.c.o